Archive member included to satisfy reference by file (symbol)

c:/st/stm32cubeide_1.3.0/stm32cubeide/plugins/com.st.stm32cube.ide.mcu.externaltools.gnu-tools-for-stm32.7-2018-q2-update.win32_1.0.0.201904181610/tools/bin/../lib/gcc/arm-none-eabi/7.3.1/../../../../arm-none-eabi/lib/thumb/v7e-m/fpv4-sp/hard\libc_nano.a(lib_a-errno.o)
                              Core/Src/syscalls.o (__errno)
c:/st/stm32cubeide_1.3.0/stm32cubeide/plugins/com.st.stm32cube.ide.mcu.externaltools.gnu-tools-for-stm32.7-2018-q2-update.win32_1.0.0.201904181610/tools/bin/../lib/gcc/arm-none-eabi/7.3.1/../../../../arm-none-eabi/lib/thumb/v7e-m/fpv4-sp/hard\libc_nano.a(lib_a-exit.o)
                              c:/st/stm32cubeide_1.3.0/stm32cubeide/plugins/com.st.stm32cube.ide.mcu.externaltools.gnu-tools-for-stm32.7-2018-q2-update.win32_1.0.0.201904181610/tools/bin/../lib/gcc/arm-none-eabi/7.3.1/../../../../arm-none-eabi/lib/thumb/v7e-m/fpv4-sp/hard/crt0.o (exit)
c:/st/stm32cubeide_1.3.0/stm32cubeide/plugins/com.st.stm32cube.ide.mcu.externaltools.gnu-tools-for-stm32.7-2018-q2-update.win32_1.0.0.201904181610/tools/bin/../lib/gcc/arm-none-eabi/7.3.1/../../../../arm-none-eabi/lib/thumb/v7e-m/fpv4-sp/hard\libc_nano.a(lib_a-impure.o)
                              c:/st/stm32cubeide_1.3.0/stm32cubeide/plugins/com.st.stm32cube.ide.mcu.externaltools.gnu-tools-for-stm32.7-2018-q2-update.win32_1.0.0.201904181610/tools/bin/../lib/gcc/arm-none-eabi/7.3.1/../../../../arm-none-eabi/lib/thumb/v7e-m/fpv4-sp/hard\libc_nano.a(lib_a-exit.o) (_global_impure_ptr)
c:/st/stm32cubeide_1.3.0/stm32cubeide/plugins/com.st.stm32cube.ide.mcu.externaltools.gnu-tools-for-stm32.7-2018-q2-update.win32_1.0.0.201904181610/tools/bin/../lib/gcc/arm-none-eabi/7.3.1/../../../../arm-none-eabi/lib/thumb/v7e-m/fpv4-sp/hard\libc_nano.a(lib_a-init.o)
                              c:/st/stm32cubeide_1.3.0/stm32cubeide/plugins/com.st.stm32cube.ide.mcu.externaltools.gnu-tools-for-stm32.7-2018-q2-update.win32_1.0.0.201904181610/tools/bin/../lib/gcc/arm-none-eabi/7.3.1/../../../../arm-none-eabi/lib/thumb/v7e-m/fpv4-sp/hard/crt0.o (__libc_init_array)
c:/st/stm32cubeide_1.3.0/stm32cubeide/plugins/com.st.stm32cube.ide.mcu.externaltools.gnu-tools-for-stm32.7-2018-q2-update.win32_1.0.0.201904181610/tools/bin/../lib/gcc/arm-none-eabi/7.3.1/../../../../arm-none-eabi/lib/thumb/v7e-m/fpv4-sp/hard\libc_nano.a(lib_a-malloc.o)
                              Middlewares/ST/STM32_USB_Device_Library/Class/CDC/Src/usbd_cdc.o (malloc)
c:/st/stm32cubeide_1.3.0/stm32cubeide/plugins/com.st.stm32cube.ide.mcu.externaltools.gnu-tools-for-stm32.7-2018-q2-update.win32_1.0.0.201904181610/tools/bin/../lib/gcc/arm-none-eabi/7.3.1/../../../../arm-none-eabi/lib/thumb/v7e-m/fpv4-sp/hard\libc_nano.a(lib_a-memset.o)
                              c:/st/stm32cubeide_1.3.0/stm32cubeide/plugins/com.st.stm32cube.ide.mcu.externaltools.gnu-tools-for-stm32.7-2018-q2-update.win32_1.0.0.201904181610/tools/bin/../lib/gcc/arm-none-eabi/7.3.1/../../../../arm-none-eabi/lib/thumb/v7e-m/fpv4-sp/hard/crt0.o (memset)
c:/st/stm32cubeide_1.3.0/stm32cubeide/plugins/com.st.stm32cube.ide.mcu.externaltools.gnu-tools-for-stm32.7-2018-q2-update.win32_1.0.0.201904181610/tools/bin/../lib/gcc/arm-none-eabi/7.3.1/../../../../arm-none-eabi/lib/thumb/v7e-m/fpv4-sp/hard\libc_nano.a(lib_a-nano-freer.o)
                              c:/st/stm32cubeide_1.3.0/stm32cubeide/plugins/com.st.stm32cube.ide.mcu.externaltools.gnu-tools-for-stm32.7-2018-q2-update.win32_1.0.0.201904181610/tools/bin/../lib/gcc/arm-none-eabi/7.3.1/../../../../arm-none-eabi/lib/thumb/v7e-m/fpv4-sp/hard\libc_nano.a(lib_a-malloc.o) (_free_r)
c:/st/stm32cubeide_1.3.0/stm32cubeide/plugins/com.st.stm32cube.ide.mcu.externaltools.gnu-tools-for-stm32.7-2018-q2-update.win32_1.0.0.201904181610/tools/bin/../lib/gcc/arm-none-eabi/7.3.1/../../../../arm-none-eabi/lib/thumb/v7e-m/fpv4-sp/hard\libc_nano.a(lib_a-nano-mallocr.o)
                              c:/st/stm32cubeide_1.3.0/stm32cubeide/plugins/com.st.stm32cube.ide.mcu.externaltools.gnu-tools-for-stm32.7-2018-q2-update.win32_1.0.0.201904181610/tools/bin/../lib/gcc/arm-none-eabi/7.3.1/../../../../arm-none-eabi/lib/thumb/v7e-m/fpv4-sp/hard\libc_nano.a(lib_a-malloc.o) (_malloc_r)
c:/st/stm32cubeide_1.3.0/stm32cubeide/plugins/com.st.stm32cube.ide.mcu.externaltools.gnu-tools-for-stm32.7-2018-q2-update.win32_1.0.0.201904181610/tools/bin/../lib/gcc/arm-none-eabi/7.3.1/../../../../arm-none-eabi/lib/thumb/v7e-m/fpv4-sp/hard\libc_nano.a(lib_a-printf.o)
                              Middlewares/ST/STM32_USB_Device_Library/Core/Src/usbd_core.o (printf)
c:/st/stm32cubeide_1.3.0/stm32cubeide/plugins/com.st.stm32cube.ide.mcu.externaltools.gnu-tools-for-stm32.7-2018-q2-update.win32_1.0.0.201904181610/tools/bin/../lib/gcc/arm-none-eabi/7.3.1/../../../../arm-none-eabi/lib/thumb/v7e-m/fpv4-sp/hard\libc_nano.a(lib_a-putchar.o)
                              Middlewares/ST/STM32_USB_Device_Library/Core/Src/usbd_core.o (putchar)
[...]
Memory Configuration

Name             Origin             Length             Attributes
CCMRAM           0x0000000010000000 0x0000000000010000 xrw
RAM              0x0000000020000000 0x0000000000020000 xrw
FLASH            0x0000000008000000 0x0000000000100000 xr
*default*        0x0000000000000000 0xffffffffffffffff

Linker script and memory map

LOAD c:/st/stm32cubeide_1.3.0/stm32cubeide/plugins/com.st.stm32cube.ide.mcu.externaltools.gnu-tools-for-stm32.7-2018-q2-update.win32_1.0.0.201904181610/tools/bin/../lib/gcc/arm-none-eabi/7.3.1/thumb/v7e-m/fpv4-sp/hard/crti.o
LOAD c:/st/stm32cubeide_1.3.0/stm32cubeide/plugins/com.st.stm32cube.ide.mcu.externaltools.gnu-tools-for-stm32.7-2018-q2-update.win32_1.0.0.201904181610/tools/bin/../lib/gcc/arm-none-eabi/7.3.1/thumb/v7e-m/fpv4-sp/hard/crtbegin.o
LOAD c:/st/stm32cubeide_1.3.0/stm32cubeide/plugins/com.st.stm32cube.ide.mcu.externaltools.gnu-tools-for-stm32.7-2018-q2-update.win32_1.0.0.201904181610/tools/bin/../lib/gcc/arm-none-eabi/7.3.1/../../../../arm-none-eabi/lib/thumb/v7e-m/fpv4-sp/hard/crt0.o
LOAD Core/Src/adc.o
LOAD Core/Src/ads.o
LOAD Core/Src/dma.o
LOAD Core/Src/gpio.o
LOAD Core/Src/i2c.o
LOAD Core/Src/i2cdev.o
LOAD Core/Src/main.o
LOAD Core/Src/spi.o
LOAD Core/Src/stm32f4xx_hal_msp.o
LOAD Core/Src/stm32f4xx_it.o
LOAD Core/Src/syscalls.o
LOAD Core/Src/sysmem.o
LOAD Core/Src/system_stm32f4xx.o
LOAD Core/Src/tim.o
LOAD Core/Startup/startup_stm32f407vgtx.o
LOAD Drivers/STM32F4xx_HAL_Driver/Src/stm32f4xx_hal.o
LOAD Drivers/STM32F4xx_HAL_Driver/Src/stm32f4xx_hal_adc.o
LOAD Drivers/STM32F4xx_HAL_Driver/Src/stm32f4xx_hal_adc_ex.o
LOAD Drivers/STM32F4xx_HAL_Driver/Src/stm32f4xx_hal_cortex.o
LOAD Drivers/STM32F4xx_HAL_Driver/Src/stm32f4xx_hal_dma.o
LOAD Drivers/STM32F4xx_HAL_Driver/Src/stm32f4xx_hal_dma_ex.o
LOAD Drivers/STM32F4xx_HAL_Driver/Src/stm32f4xx_hal_exti.o
LOAD Drivers/STM32F4xx_HAL_Driver/Src/stm32f4xx_hal_flash.o
LOAD Drivers/STM32F4xx_HAL_Driver/Src/stm32f4xx_hal_flash_ex.o
LOAD Drivers/STM32F4xx_HAL_Driver/Src/stm32f4xx_hal_flash_ramfunc.o
LOAD Drivers/STM32F4xx_HAL_Driver/Src/stm32f4xx_hal_gpio.o
LOAD Drivers/STM32F4xx_HAL_Driver/Src/stm32f4xx_hal_i2c.o
LOAD Drivers/STM32F4xx_HAL_Driver/Src/stm32f4xx_hal_i2c_ex.o
LOAD Drivers/STM32F4xx_HAL_Driver/Src/stm32f4xx_hal_pcd.o
LOAD Drivers/STM32F4xx_HAL_Driver/Src/stm32f4xx_hal_pcd_ex.o
LOAD Drivers/STM32F4xx_HAL_Driver/Src/stm32f4xx_hal_pwr.o
LOAD Drivers/STM32F4xx_HAL_Driver/Src/stm32f4xx_hal_pwr_ex.o
LOAD Drivers/STM32F4xx_HAL_Driver/Src/stm32f4xx_hal_rcc.o
LOAD Drivers/STM32F4xx_HAL_Driver/Src/stm32f4xx_hal_rcc_ex.o
LOAD Drivers/STM32F4xx_HAL_Driver/Src/stm32f4xx_hal_spi.o
LOAD Drivers/STM32F4xx_HAL_Driver/Src/stm32f4xx_hal_tim.o
LOAD Drivers/STM32F4xx_HAL_Driver/Src/stm32f4xx_hal_tim_ex.o
LOAD Drivers/STM32F4xx_HAL_Driver/Src/stm32f4xx_ll_usb.o
LOAD Middlewares/ST/STM32_USB_Device_Library/Class/CDC/Src/usbd_cdc.o
LOAD Middlewares/ST/STM32_USB_Device_Library/Core/Src/usbd_core.o
LOAD Middlewares/ST/STM32_USB_Device_Library/Core/Src/usbd_ctlreq.o
LOAD Middlewares/ST/STM32_USB_Device_Library/Core/Src/usbd_ioreq.o
LOAD USB_DEVICE/App/usb_device.o
LOAD USB_DEVICE/App/usbd_cdc_if.o
LOAD USB_DEVICE/App/usbd_desc.o
LOAD USB_DEVICE/Target/usbd_conf.o
START GROUP
LOAD c:/st/stm32cubeide_1.3.0/stm32cubeide/plugins/com.st.stm32cube.ide.mcu.externaltools.gnu-tools-for-stm32.7-2018-q2-update.win32_1.0.0.201904181610/tools/bin/../lib/gcc/arm-none-eabi/7.3.1/../../../../arm-none-eabi/lib/thumb/v7e-m/fpv4-sp/hard\libc_nano.a
LOAD c:/st/stm32cubeide_1.3.0/stm32cubeide/plugins/com.st.stm32cube.ide.mcu.externaltools.gnu-tools-for-stm32.7-2018-q2-update.win32_1.0.0.201904181610/tools/bin/../lib/gcc/arm-none-eabi/7.3.1/../../../../arm-none-eabi/lib/thumb/v7e-m/fpv4-sp/hard\libm.a
END GROUP
START GROUP
LOAD c:/st/stm32cubeide_1.3.0/stm32cubeide/plugins/com.st.stm32cube.ide.mcu.externaltools.gnu-tools-for-stm32.7-2018-q2-update.win32_1.0.0.201904181610/tools/bin/../lib/gcc/arm-none-eabi/7.3.1/thumb/v7e-m/fpv4-sp/hard\libgcc.a
LOAD c:/st/stm32cubeide_1.3.0/stm32cubeide/plugins/com.st.stm32cube.ide.mcu.externaltools.gnu-tools-for-stm32.7-2018-q2-update.win32_1.0.0.201904181610/tools/bin/../lib/gcc/arm-none-eabi/7.3.1/../../../../arm-none-eabi/lib/thumb/v7e-m/fpv4-sp/hard\libc_nano.a
END GROUP
START GROUP
LOAD c:/st/stm32cubeide_1.3.0/stm32cubeide/plugins/com.st.stm32cube.ide.mcu.externaltools.gnu-tools-for-stm32.7-2018-q2-update.win32_1.0.0.201904181610/tools/bin/../lib/gcc/arm-none-eabi/7.3.1/thumb/v7e-m/fpv4-sp/hard\libgcc.a
LOAD c:/st/stm32cubeide_1.3.0/stm32cubeide/plugins/com.st.stm32cube.ide.mcu.externaltools.gnu-tools-for-stm32.7-2018-q2-update.win32_1.0.0.201904181610/tools/bin/../lib/gcc/arm-none-eabi/7.3.1/../../../../arm-none-eabi/lib/thumb/v7e-m/fpv4-sp/hard\libc_nano.a
LOAD c:/st/stm32cubeide_1.3.0/stm32cubeide/plugins/com.st.stm32cube.ide.mcu.externaltools.gnu-tools-for-stm32.7-2018-q2-update.win32_1.0.0.201904181610/tools/bin/../lib/gcc/arm-none-eabi/7.3.1/../../../../arm-none-eabi/lib/thumb/v7e-m/fpv4-sp/hard\libnosys.a
END GROUP
START GROUP
LOAD c:/st/stm32cubeide_1.3.0/stm32cubeide/plugins/com.st.stm32cube.ide.mcu.externaltools.gnu-tools-for-stm32.7-2018-q2-update.win32_1.0.0.201904181610/tools/bin/../lib/gcc/arm-none-eabi/7.3.1/thumb/v7e-m/fpv4-sp/hard\libgcc.a
LOAD c:/st/stm32cubeide_1.3.0/stm32cubeide/plugins/com.st.stm32cube.ide.mcu.externaltools.gnu-tools-for-stm32.7-2018-q2-update.win32_1.0.0.201904181610/tools/bin/../lib/gcc/arm-none-eabi/7.3.1/../../../../arm-none-eabi/lib/thumb/v7e-m/fpv4-sp/hard\libc_nano.a
LOAD c:/st/stm32cubeide_1.3.0/stm32cubeide/plugins/com.st.stm32cube.ide.mcu.externaltools.gnu-tools-for-stm32.7-2018-q2-update.win32_1.0.0.201904181610/tools/bin/../lib/gcc/arm-none-eabi/7.3.1/../../../../arm-none-eabi/lib/thumb/v7e-m/fpv4-sp/hard\libnosys.a
END GROUP
LOAD c:/st/stm32cubeide_1.3.0/stm32cubeide/plugins/com.st.stm32cube.ide.mcu.externaltools.gnu-tools-for-stm32.7-2018-q2-update.win32_1.0.0.201904181610/tools/bin/../lib/gcc/arm-none-eabi/7.3.1/thumb/v7e-m/fpv4-sp/hard/crtend.o
LOAD c:/st/stm32cubeide_1.3.0/stm32cubeide/plugins/com.st.stm32cube.ide.mcu.externaltools.gnu-tools-for-stm32.7-2018-q2-update.win32_1.0.0.201904181610/tools/bin/../lib/gcc/arm-none-eabi/7.3.1/thumb/v7e-m/fpv4-sp/hard/crtn.o
                0x0000000020020000                _estack = (ORIGIN (RAM) + LENGTH (RAM))
                0x0000000000003000                _Min_Heap_Size = 0x3000
                0x0000000000006000                _Min_Stack_Size = 0x6000

.isr_vector     0x0000000008000000      0x188
                0x0000000008000000                . = ALIGN (0x4)
 *(.isr_vector)
 .isr_vector    0x0000000008000000      0x188 Core/Startup/startup_stm32f407vgtx.o
                0x0000000008000000                g_pfnVectors
                0x0000000008000188                . = ALIGN (0x4)

.text           0x0000000008000190     0xd8e0
                0x0000000008000190                . = ALIGN (0x4)
 *(.text)
 .text          0x0000000008000190       0x40 c:/st/stm32cubeide_1.3.0/stm32cubeide/plugins/com.st.stm32cube.ide.mcu.externaltools.gnu-tools-for-stm32.7-2018-q2-update.win32_1.0.0.201904181610/tools/bin/../lib/gcc/arm-none-eabi/7.3.1/thumb/v7e-m/fpv4-sp/hard/crtbegin.o
 .text          0x00000000080001d0       0xa0 c:/st/stm32cubeide_1.3.0/stm32cubeide/plugins/com.st.stm32cube.ide.mcu.externaltools.gnu-tools-for-stm32.7-2018-q2-update.win32_1.0.0.201904181610/tools/bin/../lib/gcc/arm-none-eabi/7.3.1/../../../../arm-none-eabi/lib/thumb/v7e-m/fpv4-sp/hard\libc_nano.a(lib_a-memchr.o)
                0x00000000080001d0                memchr
 .text          0x0000000008000270       0x30 c:/st/stm32cubeide_1.3.0/stm32cubeide/plugins/com.st.stm32cube.ide.mcu.externaltools.gnu-tools-for-stm32.7-2018-q2-update.win32_1.0.0.201904181610/tools/bin/../lib/gcc/arm-none-eabi/7.3.1/thumb/v7e-m/fpv4-sp/hard\libgcc.a(_aeabi_uldivmod.o)
                0x0000000008000270                __aeabi_uldivmod
 .text          0x00000000080002a0      0x2cc c:/st/stm32cubeide_1.3.0/stm32cubeide/plugins/com.st.stm32cube.ide.mcu.externaltools.gnu-tools-for-stm32.7-2018-q2-update.win32_1.0.0.201904181610/tools/bin/../lib/gcc/arm-none-eabi/7.3.1/thumb/v7e-m/fpv4-sp/hard\libgcc.a(_udivmoddi4.o)
                0x00000000080002a0                __udivmoddi4
 .text          0x000000000800056c        0x4 c:/st/stm32cubeide_1.3.0/stm32cubeide/plugins/com.st.stm32cube.ide.mcu.externaltools.gnu-tools-for-stm32.7-2018-q2-update.win32_1.0.0.201904181610/tools/bin/../lib/gcc/arm-none-eabi/7.3.1/thumb/v7e-m/fpv4-sp/hard\libgcc.a(_dvmd_tls.o)
                0x000000000800056c                __aeabi_idiv0
                0x000000000800056c                __aeabi_ldiv0
 *(.text*)
 .text.MX_ADC1_Init
                0x0000000008000570       0xfc Core/Src/adc.o
                0x0000000008000570                MX_ADC1_Init
 .text.HAL_ADC_MspInit
                0x000000000800066c      0x128 Core/Src/adc.o
                0x000000000800066c                HAL_ADC_MspInit
 .text.ADS_Init
                0x0000000008000794      0x184 Core/Src/ads.o
                0x0000000008000794                ADS_Init
 .text.ADS_Write_Reg
                0x0000000008000918       0xc0 Core/Src/ads.o
                0x0000000008000918                ADS_Write_Reg
 .text.ADS_Read_Reg
                0x00000000080009d8       0xc4 Core/Src/ads.o
                0x00000000080009d8                ADS_Read_Reg
 .text.ADS_Reset
                0x0000000008000a9c       0xa4 Core/Src/ads.o
                0x0000000008000a9c                ADS_Reset
 .text.ADS_Start
                0x0000000008000b40       0x20 Core/Src/ads.o
                0x0000000008000b40                ADS_Start
 .text.ADS_Stop
                0x0000000008000b60       0x20 Core/Src/ads.o
                0x0000000008000b60                ADS_Stop
 .text.ADS_Read_data_cont
                0x0000000008000b80       0xa4 Core/Src/ads.o
                0x0000000008000b80                ADS_Read_data_cont
 .text.ADS_Stop_data_cont
                0x0000000008000c24       0xa4 Core/Src/ads.o
                0x0000000008000c24                ADS_Stop_data_cont
 .text.ADS_BIAS_SIGNAL_DERIVATION
                0x0000000008000cc8       0x36 Core/Src/ads.o
                0x0000000008000cc8                ADS_BIAS_SIGNAL_DERIVATION
 .text.ADS_SRB1_Conection
                0x0000000008000cfe       0x40 Core/Src/ads.o
                0x0000000008000cfe                ADS_SRB1_Conection
 .text.ADS_Internal_Ref_Active
                0x0000000008000d3e       0x26 Core/Src/ads.o
                0x0000000008000d3e                ADS_Internal_Ref_Active
 .text.ADS_LEOF
                0x0000000008000d64       0xdc Core/Src/ads.o
                0x0000000008000d64                ADS_LEOF
 .text.analog_setting
                0x0000000008000e40      0x9ac Core/Src/ads.o
                0x0000000008000e40                analog_setting
 .text.ADS_Start_data_full
                0x00000000080017ec       0x70 Core/Src/ads.o
                0x00000000080017ec                ADS_Start_data_full
 .text.ADS_Stop_data_Full
                0x000000000800185c       0x48 Core/Src/ads.o
                0x000000000800185c                ADS_Stop_data_Full
 .text.MX_DMA_Init
                0x00000000080018a4       0x40 Core/Src/dma.o
                0x00000000080018a4                MX_DMA_Init
 .text.MX_GPIO_Init
                0x00000000080018e4      0x288 Core/Src/gpio.o
                0x00000000080018e4                MX_GPIO_Init
 .text.SetLED   0x0000000008001b6c       0xec Core/Src/gpio.o
                0x0000000008001b6c                SetLED
 .text.MX_I2C3_Init
                0x0000000008001c58       0x5c Core/Src/i2c.o
                0x0000000008001c58                MX_I2C3_Init
 .text.HAL_I2C_MspInit
                0x0000000008001cb4       0xf4 Core/Src/i2c.o
                0x0000000008001cb4                HAL_I2C_MspInit
 .text.check_i2c_slaves_IT
                0x0000000008001da8       0x94 Core/Src/i2cdev.o
                0x0000000008001da8                check_i2c_slaves_IT
 .text.start_i2c_data
                0x0000000008001e3c       0x50 Core/Src/i2cdev.o
                0x0000000008001e3c                start_i2c_data
 .text.get_i2c_data
                0x0000000008001e8c       0x30 Core/Src/i2cdev.o
                0x0000000008001e8c                get_i2c_data
 .text.main     0x0000000008001ebc      0x1a8 Core/Src/main.o
                0x0000000008001ebc                main
 .text.SystemClock_Config
                0x0000000008002064       0xd4 Core/Src/main.o
                0x0000000008002064                SystemClock_Config
 .text.CDC_ReceiveCallBack
                0x0000000008002138       0x50 Core/Src/main.o
                0x0000000008002138                CDC_ReceiveCallBack
 .text.SystemResponseUSB
                0x0000000008002188      0x35c Core/Src/main.o
                0x0000000008002188                SystemResponseUSB
 .text.Write_Flash
                0x00000000080024e4       0x40 Core/Src/main.o
                0x00000000080024e4                Write_Flash
 .text.Read_Flash
                0x0000000008002524       0x1c Core/Src/main.o
                0x0000000008002524                Read_Flash
 .text.Variable_Defults
                0x0000000008002540       0xcc Core/Src/main.o
                0x0000000008002540                Variable_Defults
 .text.light_pattern
                0x000000000800260c      0x120 Core/Src/main.o
                0x000000000800260c                light_pattern
 .text.HAL_I2C_MasterTxCpltCallback
                0x000000000800272c       0x24 Core/Src/main.o
                0x000000000800272c                HAL_I2C_MasterTxCpltCallback
 .text.HAL_I2C_MasterRxCpltCallback
                0x0000000008002750       0x58 Core/Src/main.o
                0x0000000008002750                HAL_I2C_MasterRxCpltCallback
 .text.HAL_I2C_SlaveRxCpltCallback
                0x00000000080027a8       0x16 Core/Src/main.o
                0x00000000080027a8                HAL_I2C_SlaveRxCpltCallback
 *fill*         0x00000000080027be        0x2 
 .text.Error_Handler
                0x00000000080027c0       0x48 Core/Src/main.o
                0x00000000080027c0                Error_Handler
 .text.MX_SPI1_Init
                0x0000000008002808       0x6c Core/Src/spi.o
                0x0000000008002808                MX_SPI1_Init
 .text.HAL_SPI_MspInit
                0x0000000008002874       0xa0 Core/Src/spi.o
                0x0000000008002874                HAL_SPI_MspInit
 .text.HAL_MspInit
                0x0000000008002914       0x50 Core/Src/stm32f4xx_hal_msp.o
                0x0000000008002914                HAL_MspInit
 .text.NMI_Handler
                0x0000000008002964        0xe Core/Src/stm32f4xx_it.o
                0x0000000008002964                NMI_Handler
 .text.HardFault_Handler
                0x0000000008002972        0x6 Core/Src/stm32f4xx_it.o
                0x0000000008002972                HardFault_Handler
 .text.MemManage_Handler
                0x0000000008002978        0x6 Core/Src/stm32f4xx_it.o
                0x0000000008002978                MemManage_Handler
 .text.BusFault_Handler
                0x000000000800297e        0x6 Core/Src/stm32f4xx_it.o
                0x000000000800297e                BusFault_Handler
 .text.UsageFault_Handler
                0x0000000008002984        0x6 Core/Src/stm32f4xx_it.o
                0x0000000008002984                UsageFault_Handler
 .text.SVC_Handler
                0x000000000800298a        0xe Core/Src/stm32f4xx_it.o
                0x000000000800298a                SVC_Handler
 .text.DebugMon_Handler
                0x0000000008002998        0xe Core/Src/stm32f4xx_it.o
                0x0000000008002998                DebugMon_Handler
 .text.PendSV_Handler
                0x00000000080029a6        0xe Core/Src/stm32f4xx_it.o
                0x00000000080029a6                PendSV_Handler
 .text.SysTick_Handler
                0x00000000080029b4        0xc Core/Src/stm32f4xx_it.o
                0x00000000080029b4                SysTick_Handler
 .text.EXTI1_IRQHandler
                0x00000000080029c0      0x26c Core/Src/stm32f4xx_it.o
                0x00000000080029c0                EXTI1_IRQHandler
 .text.TIM3_IRQHandler
                0x0000000008002c2c       0x24 Core/Src/stm32f4xx_it.o
                0x0000000008002c2c                TIM3_IRQHandler
 .text.SPI1_IRQHandler
                0x0000000008002c50       0x14 Core/Src/stm32f4xx_it.o
                0x0000000008002c50                SPI1_IRQHandler
 .text.DMA2_Stream0_IRQHandler
                0x0000000008002c64       0x14 Core/Src/stm32f4xx_it.o
                0x0000000008002c64                DMA2_Stream0_IRQHandler
 .text.OTG_FS_IRQHandler
                0x0000000008002c78       0x14 Core/Src/stm32f4xx_it.o
                0x0000000008002c78                OTG_FS_IRQHandler
 .text.I2C3_EV_IRQHandler
                0x0000000008002c8c       0x14 Core/Src/stm32f4xx_it.o
                0x0000000008002c8c                I2C3_EV_IRQHandler
 .text.I2C3_ER_IRQHandler
                0x0000000008002ca0       0x14 Core/Src/stm32f4xx_it.o
                0x0000000008002ca0                I2C3_ER_IRQHandler
 .text._read    0x0000000008002cb4       0x3a Core/Src/syscalls.o
                0x0000000008002cb4                _read
 .text._write   0x0000000008002cee       0x38 Core/Src/syscalls.o
                0x0000000008002cee                _write
 .text._close   0x0000000008002d26       0x18 Core/Src/syscalls.o
                0x0000000008002d26                _close
 .text._fstat   0x0000000008002d3e       0x20 Core/Src/syscalls.o
                0x0000000008002d3e                _fstat
 .text._isatty  0x0000000008002d5e       0x16 Core/Src/syscalls.o
                0x0000000008002d5e                _isatty
 .text._lseek   0x0000000008002d74       0x1a Core/Src/syscalls.o
                0x0000000008002d74                _lseek
 *fill*         0x0000000008002d8e        0x2 
 .text._sbrk    0x0000000008002d90       0x6c Core/Src/sysmem.o
                0x0000000008002d90                _sbrk
 .text.SystemInit
                0x0000000008002dfc       0x2c Core/Src/system_stm32f4xx.o
                0x0000000008002dfc                SystemInit
 .text.MX_TIM3_Init
                0x0000000008002e28       0x9c Core/Src/tim.o
                0x0000000008002e28                MX_TIM3_Init
 .text.HAL_TIM_Base_MspInit
                0x0000000008002ec4       0x50 Core/Src/tim.o
                0x0000000008002ec4                HAL_TIM_Base_MspInit
 .text.Reset_Handler
                0x0000000008002f14       0x50 Core/Startup/startup_stm32f407vgtx.o
                0x0000000008002f14                Reset_Handler
 .text.Default_Handler
                0x0000000008002f64        0x2 Core/Startup/startup_stm32f407vgtx.o
                0x0000000008002f64                RTC_Alarm_IRQHandler
                0x0000000008002f64                HASH_RNG_IRQHandler
                0x0000000008002f64                EXTI2_IRQHandler
                0x0000000008002f64                TIM8_CC_IRQHandler
                0x0000000008002f64                TIM1_CC_IRQHandler
                0x0000000008002f64                DMA2_Stream5_IRQHandler
                0x0000000008002f64                DMA1_Stream5_IRQHandler
                0x0000000008002f64                PVD_IRQHandler
                0x0000000008002f64                SDIO_IRQHandler
                0x0000000008002f64                TAMP_STAMP_IRQHandler
                0x0000000008002f64                CAN2_RX1_IRQHandler
                0x0000000008002f64                EXTI3_IRQHandler
                0x0000000008002f64                TIM8_TRG_COM_TIM14_IRQHandler
                0x0000000008002f64                TIM1_UP_TIM10_IRQHandler
                0x0000000008002f64                TIM8_UP_TIM13_IRQHandler
                0x0000000008002f64                EXTI0_IRQHandler
                0x0000000008002f64                I2C2_EV_IRQHandler
                0x0000000008002f64                DMA1_Stream2_IRQHandler
                0x0000000008002f64                CAN1_RX0_IRQHandler
                0x0000000008002f64                FPU_IRQHandler
                0x0000000008002f64                OTG_HS_WKUP_IRQHandler
                0x0000000008002f64                CAN2_SCE_IRQHandler
                0x0000000008002f64                DMA2_Stream2_IRQHandler
                0x0000000008002f64                TIM6_DAC_IRQHandler
                0x0000000008002f64                TIM1_BRK_TIM9_IRQHandler
                0x0000000008002f64                DCMI_IRQHandler
                0x0000000008002f64                CAN2_RX0_IRQHandler
                0x0000000008002f64                DMA2_Stream3_IRQHandler
                0x0000000008002f64                USART6_IRQHandler
                0x0000000008002f64                USART3_IRQHandler
                0x0000000008002f64                CAN1_RX1_IRQHandler
                0x0000000008002f64                UART5_IRQHandler
                0x0000000008002f64                TIM4_IRQHandler
                0x0000000008002f64                I2C1_EV_IRQHandler
                0x0000000008002f64                DMA1_Stream6_IRQHandler
                0x0000000008002f64                DMA1_Stream1_IRQHandler
                0x0000000008002f64                UART4_IRQHandler
                0x0000000008002f64                RCC_IRQHandler
                0x0000000008002f64                TIM8_BRK_TIM12_IRQHandler
                0x0000000008002f64                Default_Handler
                0x0000000008002f64                EXTI15_10_IRQHandler
                0x0000000008002f64                ADC_IRQHandler
                0x0000000008002f64                DMA1_Stream7_IRQHandler
                0x0000000008002f64                TIM7_IRQHandler
                0x0000000008002f64                CAN2_TX_IRQHandler
                0x0000000008002f64                TIM5_IRQHandler
                0x0000000008002f64                DMA2_Stream7_IRQHandler
                0x0000000008002f64                EXTI9_5_IRQHandler
                0x0000000008002f64                RTC_WKUP_IRQHandler
                0x0000000008002f64                ETH_WKUP_IRQHandler
                0x0000000008002f64                SPI2_IRQHandler
                0x0000000008002f64                OTG_HS_EP1_IN_IRQHandler
                0x0000000008002f64                DMA1_Stream0_IRQHandler
                0x0000000008002f64                CAN1_TX_IRQHandler
                0x0000000008002f64                EXTI4_IRQHandler
                0x0000000008002f64                FSMC_IRQHandler
                0x0000000008002f64                ETH_IRQHandler
                0x0000000008002f64                OTG_HS_EP1_OUT_IRQHandler
                0x0000000008002f64                WWDG_IRQHandler
                0x0000000008002f64                TIM2_IRQHandler
                0x0000000008002f64                OTG_FS_WKUP_IRQHandler
                0x0000000008002f64                TIM1_TRG_COM_TIM11_IRQHandler
                0x0000000008002f64                OTG_HS_IRQHandler
                0x0000000008002f64                USART2_IRQHandler
                0x0000000008002f64                I2C2_ER_IRQHandler
                0x0000000008002f64                DMA2_Stream1_IRQHandler
                0x0000000008002f64                CAN1_SCE_IRQHandler
                0x0000000008002f64                FLASH_IRQHandler
                0x0000000008002f64                DMA2_Stream4_IRQHandler
                0x0000000008002f64                USART1_IRQHandler
                0x0000000008002f64                SPI3_IRQHandler
                0x0000000008002f64                DMA1_Stream4_IRQHandler
                0x0000000008002f64                I2C1_ER_IRQHandler
                0x0000000008002f64                DMA2_Stream6_IRQHandler
                0x0000000008002f64                DMA1_Stream3_IRQHandler
 *fill*         0x0000000008002f66        0x2 
 .text.HAL_Init
                0x0000000008002f68       0x44 Drivers/STM32F4xx_HAL_Driver/Src/stm32f4xx_hal.o
                0x0000000008002f68                HAL_Init
 .text.HAL_InitTick
                0x0000000008002fac       0x60 Drivers/STM32F4xx_HAL_Driver/Src/stm32f4xx_hal.o
                0x0000000008002fac                HAL_InitTick
 .text.HAL_IncTick
                0x000000000800300c       0x28 Drivers/STM32F4xx_HAL_Driver/Src/stm32f4xx_hal.o
                0x000000000800300c                HAL_IncTick
 .text.HAL_GetTick
                0x0000000008003034       0x18 Drivers/STM32F4xx_HAL_Driver/Src/stm32f4xx_hal.o
                0x0000000008003034                HAL_GetTick
 .text.HAL_Delay
                0x000000000800304c       0x44 Drivers/STM32F4xx_HAL_Driver/Src/stm32f4xx_hal.o
                0x000000000800304c                HAL_Delay
 .text.HAL_ADC_Init
                0x0000000008003090       0x86 Drivers/STM32F4xx_HAL_Driver/Src/stm32f4xx_hal_adc.o
                0x0000000008003090                HAL_ADC_Init
 *fill*         0x0000000008003116        0x2 
 .text.HAL_ADC_ConfigChannel
                0x0000000008003118      0x244 Drivers/STM32F4xx_HAL_Driver/Src/stm32f4xx_hal_adc.o
                0x0000000008003118                HAL_ADC_ConfigChannel
 .text.ADC_Init
                0x000000000800335c      0x1f8 Drivers/STM32F4xx_HAL_Driver/Src/stm32f4xx_hal_adc.o
 .text.__NVIC_SetPriorityGrouping
                0x0000000008003554       0x48 Drivers/STM32F4xx_HAL_Driver/Src/stm32f4xx_hal_cortex.o
 .text.__NVIC_GetPriorityGrouping
                0x000000000800359c       0x1c Drivers/STM32F4xx_HAL_Driver/Src/stm32f4xx_hal_cortex.o
 .text.__NVIC_EnableIRQ
                0x00000000080035b8       0x3c Drivers/STM32F4xx_HAL_Driver/Src/stm32f4xx_hal_cortex.o
 .text.__NVIC_SetPriority
                0x00000000080035f4       0x54 Drivers/STM32F4xx_HAL_Driver/Src/stm32f4xx_hal_cortex.o
 .text.NVIC_EncodePriority
                0x0000000008003648       0x66 Drivers/STM32F4xx_HAL_Driver/Src/stm32f4xx_hal_cortex.o
 *fill*         0x00000000080036ae        0x2 
 .text.__NVIC_SystemReset
                0x00000000080036b0       0x28 Drivers/STM32F4xx_HAL_Driver/Src/stm32f4xx_hal_cortex.o
 .text.SysTick_Config
                0x00000000080036d8       0x44 Drivers/STM32F4xx_HAL_Driver/Src/stm32f4xx_hal_cortex.o
 .text.HAL_NVIC_SetPriorityGrouping
                0x000000000800371c       0x16 Drivers/STM32F4xx_HAL_Driver/Src/stm32f4xx_hal_cortex.o
                0x000000000800371c                HAL_NVIC_SetPriorityGrouping
 .text.HAL_NVIC_SetPriority
                0x0000000008003732       0x38 Drivers/STM32F4xx_HAL_Driver/Src/stm32f4xx_hal_cortex.o
                0x0000000008003732                HAL_NVIC_SetPriority
 .text.HAL_NVIC_EnableIRQ
                0x000000000800376a       0x1c Drivers/STM32F4xx_HAL_Driver/Src/stm32f4xx_hal_cortex.o
                0x000000000800376a                HAL_NVIC_EnableIRQ
 .text.HAL_NVIC_SystemReset
                0x0000000008003786        0x8 Drivers/STM32F4xx_HAL_Driver/Src/stm32f4xx_hal_cortex.o
                0x0000000008003786                HAL_NVIC_SystemReset
 .text.HAL_SYSTICK_Config
                0x000000000800378e       0x18 Drivers/STM32F4xx_HAL_Driver/Src/stm32f4xx_hal_cortex.o
                0x000000000800378e                HAL_SYSTICK_Config
 *fill*         0x00000000080037a6        0x2 
 .text.HAL_DMA_Init
                0x00000000080037a8      0x15c Drivers/STM32F4xx_HAL_Driver/Src/stm32f4xx_hal_dma.o
                0x00000000080037a8                HAL_DMA_Init
 .text.HAL_DMA_Abort_IT
                0x0000000008003904       0x44 Drivers/STM32F4xx_HAL_Driver/Src/stm32f4xx_hal_dma.o
                0x0000000008003904                HAL_DMA_Abort_IT
 .text.HAL_DMA_IRQHandler
                0x0000000008003948      0x314 Drivers/STM32F4xx_HAL_Driver/Src/stm32f4xx_hal_dma.o
                0x0000000008003948                HAL_DMA_IRQHandler
 .text.HAL_DMA_GetState
                0x0000000008003c5c       0x1c Drivers/STM32F4xx_HAL_Driver/Src/stm32f4xx_hal_dma.o
                0x0000000008003c5c                HAL_DMA_GetState
 .text.DMA_CalcBaseAndBitshift
                0x0000000008003c78       0x6c Drivers/STM32F4xx_HAL_Driver/Src/stm32f4xx_hal_dma.o
 .text.DMA_CheckFifoParam
                0x0000000008003ce4       0xf4 Drivers/STM32F4xx_HAL_Driver/Src/stm32f4xx_hal_dma.o
 .text.HAL_FLASH_Program
                0x0000000008003dd8       0xa8 Drivers/STM32F4xx_HAL_Driver/Src/stm32f4xx_hal_flash.o
                0x0000000008003dd8                HAL_FLASH_Program
 .text.HAL_FLASH_Unlock
                0x0000000008003e80       0x44 Drivers/STM32F4xx_HAL_Driver/Src/stm32f4xx_hal_flash.o
                0x0000000008003e80                HAL_FLASH_Unlock
 .text.HAL_FLASH_Lock
                0x0000000008003ec4       0x20 Drivers/STM32F4xx_HAL_Driver/Src/stm32f4xx_hal_flash.o
                0x0000000008003ec4                HAL_FLASH_Lock
 .text.FLASH_WaitForLastOperation
                0x0000000008003ee4       0x80 Drivers/STM32F4xx_HAL_Driver/Src/stm32f4xx_hal_flash.o
                0x0000000008003ee4                FLASH_WaitForLastOperation
 .text.FLASH_Program_DoubleWord
                0x0000000008003f64       0x60 Drivers/STM32F4xx_HAL_Driver/Src/stm32f4xx_hal_flash.o
 .text.FLASH_Program_Word
                0x0000000008003fc4       0x44 Drivers/STM32F4xx_HAL_Driver/Src/stm32f4xx_hal_flash.o
 .text.FLASH_Program_HalfWord
                0x0000000008004008       0x48 Drivers/STM32F4xx_HAL_Driver/Src/stm32f4xx_hal_flash.o
 .text.FLASH_Program_Byte
                0x0000000008004050       0x44 Drivers/STM32F4xx_HAL_Driver/Src/stm32f4xx_hal_flash.o
 .text.FLASH_SetErrorCode
                0x0000000008004094       0xac Drivers/STM32F4xx_HAL_Driver/Src/stm32f4xx_hal_flash.o
 .text.FLASH_Erase_Sector
                0x0000000008004140       0x90 Drivers/STM32F4xx_HAL_Driver/Src/stm32f4xx_hal_flash_ex.o
                0x0000000008004140                FLASH_Erase_Sector
 .text.HAL_GPIO_Init
                0x00000000080041d0      0x334 Drivers/STM32F4xx_HAL_Driver/Src/stm32f4xx_hal_gpio.o
                0x00000000080041d0                HAL_GPIO_Init
 .text.HAL_GPIO_ReadPin
                0x0000000008004504       0x30 Drivers/STM32F4xx_HAL_Driver/Src/stm32f4xx_hal_gpio.o
                0x0000000008004504                HAL_GPIO_ReadPin
 .text.HAL_GPIO_WritePin
                0x0000000008004534       0x32 Drivers/STM32F4xx_HAL_Driver/Src/stm32f4xx_hal_gpio.o
                0x0000000008004534                HAL_GPIO_WritePin
 .text.HAL_GPIO_TogglePin
                0x0000000008004566       0x36 Drivers/STM32F4xx_HAL_Driver/Src/stm32f4xx_hal_gpio.o
                0x0000000008004566                HAL_GPIO_TogglePin
 .text.HAL_GPIO_EXTI_IRQHandler
                0x000000000800459c       0x30 Drivers/STM32F4xx_HAL_Driver/Src/stm32f4xx_hal_gpio.o
                0x000000000800459c                HAL_GPIO_EXTI_IRQHandler
 .text.HAL_GPIO_EXTI_Callback
                0x00000000080045cc       0x16 Drivers/STM32F4xx_HAL_Driver/Src/stm32f4xx_hal_gpio.o
                0x00000000080045cc                HAL_GPIO_EXTI_Callback
 *fill*         0x00000000080045e2        0x2 
 .text.HAL_I2C_Init
                0x00000000080045e4      0x270 Drivers/STM32F4xx_HAL_Driver/Src/stm32f4xx_hal_i2c.o
                0x00000000080045e4                HAL_I2C_Init
 .text.HAL_I2C_Master_Transmit_IT
                0x0000000008004854      0x14c Drivers/STM32F4xx_HAL_Driver/Src/stm32f4xx_hal_i2c.o
                0x0000000008004854                HAL_I2C_Master_Transmit_IT
 .text.HAL_I2C_Master_Receive_IT
                0x00000000080049a0      0x15c Drivers/STM32F4xx_HAL_Driver/Src/stm32f4xx_hal_i2c.o
                0x00000000080049a0                HAL_I2C_Master_Receive_IT
 .text.HAL_I2C_Master_Abort_IT
                0x0000000008004afc       0x9e Drivers/STM32F4xx_HAL_Driver/Src/stm32f4xx_hal_i2c.o
                0x0000000008004afc                HAL_I2C_Master_Abort_IT
 .text.HAL_I2C_EV_IRQHandler
                0x0000000008004b9a      0x2da Drivers/STM32F4xx_HAL_Driver/Src/stm32f4xx_hal_i2c.o
                0x0000000008004b9a                HAL_I2C_EV_IRQHandler
 .text.HAL_I2C_ER_IRQHandler
                0x0000000008004e74      0x14e Drivers/STM32F4xx_HAL_Driver/Src/stm32f4xx_hal_i2c.o
                0x0000000008004e74                HAL_I2C_ER_IRQHandler
 .text.HAL_I2C_SlaveTxCpltCallback
                0x0000000008004fc2       0x14 Drivers/STM32F4xx_HAL_Driver/Src/stm32f4xx_hal_i2c.o
                0x0000000008004fc2                HAL_I2C_SlaveTxCpltCallback
 .text.HAL_I2C_AddrCallback
                0x0000000008004fd6       0x1c Drivers/STM32F4xx_HAL_Driver/Src/stm32f4xx_hal_i2c.o
                0x0000000008004fd6                HAL_I2C_AddrCallback
 .text.HAL_I2C_ListenCpltCallback
                0x0000000008004ff2       0x14 Drivers/STM32F4xx_HAL_Driver/Src/stm32f4xx_hal_i2c.o
                0x0000000008004ff2                HAL_I2C_ListenCpltCallback
 .text.HAL_I2C_MemTxCpltCallback
                0x0000000008005006       0x14 Drivers/STM32F4xx_HAL_Driver/Src/stm32f4xx_hal_i2c.o
                0x0000000008005006                HAL_I2C_MemTxCpltCallback
 .text.HAL_I2C_MemRxCpltCallback
                0x000000000800501a       0x14 Drivers/STM32F4xx_HAL_Driver/Src/stm32f4xx_hal_i2c.o
                0x000000000800501a                HAL_I2C_MemRxCpltCallback
 .text.HAL_I2C_ErrorCallback
                0x000000000800502e       0x14 Drivers/STM32F4xx_HAL_Driver/Src/stm32f4xx_hal_i2c.o
                0x000000000800502e                HAL_I2C_ErrorCallback
 .text.HAL_I2C_AbortCpltCallback
                0x0000000008005042       0x14 Drivers/STM32F4xx_HAL_Driver/Src/stm32f4xx_hal_i2c.o
                0x0000000008005042                HAL_I2C_AbortCpltCallback
 .text.I2C_MasterTransmit_TXE
                0x0000000008005056      0x138 Drivers/STM32F4xx_HAL_Driver/Src/stm32f4xx_hal_i2c.o
 .text.I2C_MasterTransmit_BTF
                0x000000000800518e       0xd0 Drivers/STM32F4xx_HAL_Driver/Src/stm32f4xx_hal_i2c.o
 .text.I2C_MemoryTransmit_TXE_BTF
                0x000000000800525e      0x11e Drivers/STM32F4xx_HAL_Driver/Src/stm32f4xx_hal_i2c.o
 .text.I2C_MasterReceive_RXNE
                0x000000000800537c      0x162 Drivers/STM32F4xx_HAL_Driver/Src/stm32f4xx_hal_i2c.o
 .text.I2C_MasterReceive_BTF
                0x00000000080054de      0x1d4 Drivers/STM32F4xx_HAL_Driver/Src/stm32f4xx_hal_i2c.o
 .text.I2C_Master_SB
                0x00000000080056b2      0x10c Drivers/STM32F4xx_HAL_Driver/Src/stm32f4xx_hal_i2c.o
 .text.I2C_Master_ADD10
                0x00000000080057be       0x54 Drivers/STM32F4xx_HAL_Driver/Src/stm32f4xx_hal_i2c.o
 .text.I2C_Master_ADDR
                0x0000000008005812      0x322 Drivers/STM32F4xx_HAL_Driver/Src/stm32f4xx_hal_i2c.o
 .text.I2C_SlaveTransmit_TXE
                0x0000000008005b34       0x7a Drivers/STM32F4xx_HAL_Driver/Src/stm32f4xx_hal_i2c.o
 .text.I2C_SlaveTransmit_BTF
                0x0000000008005bae       0x42 Drivers/STM32F4xx_HAL_Driver/Src/stm32f4xx_hal_i2c.o
 .text.I2C_SlaveReceive_RXNE
                0x0000000008005bf0       0x7c Drivers/STM32F4xx_HAL_Driver/Src/stm32f4xx_hal_i2c.o
 .text.I2C_SlaveReceive_BTF
                0x0000000008005c6c       0x44 Drivers/STM32F4xx_HAL_Driver/Src/stm32f4xx_hal_i2c.o
 .text.I2C_Slave_ADDR
                0x0000000008005cb0       0x88 Drivers/STM32F4xx_HAL_Driver/Src/stm32f4xx_hal_i2c.o
 .text.I2C_Slave_STOPF
                0x0000000008005d38      0x260 Drivers/STM32F4xx_HAL_Driver/Src/stm32f4xx_hal_i2c.o
 .text.I2C_Slave_AF
                0x0000000008005f98       0xe0 Drivers/STM32F4xx_HAL_Driver/Src/stm32f4xx_hal_i2c.o
 .text.I2C_ITError
                0x0000000008006078      0x264 Drivers/STM32F4xx_HAL_Driver/Src/stm32f4xx_hal_i2c.o
 .text.I2C_DMAAbort
                0x00000000080062dc      0x150 Drivers/STM32F4xx_HAL_Driver/Src/stm32f4xx_hal_i2c.o
 .text.I2C_WaitOnSTOPRequestThroughIT
                0x000000000800642c       0x64 Drivers/STM32F4xx_HAL_Driver/Src/stm32f4xx_hal_i2c.o
 .text.I2C_ConvertOtherXferOptions
                0x0000000008006490       0x36 Drivers/STM32F4xx_HAL_Driver/Src/stm32f4xx_hal_i2c.o
 .text.HAL_PCD_Init
                0x00000000080064c6      0x23a Drivers/STM32F4xx_HAL_Driver/Src/stm32f4xx_hal_pcd.o
                0x00000000080064c6                HAL_PCD_Init
 .text.HAL_PCD_Start
                0x0000000008006700       0x66 Drivers/STM32F4xx_HAL_Driver/Src/stm32f4xx_hal_pcd.o
                0x0000000008006700                HAL_PCD_Start
 .text.HAL_PCD_IRQHandler
                0x0000000008006766      0x764 Drivers/STM32F4xx_HAL_Driver/Src/stm32f4xx_hal_pcd.o
                0x0000000008006766                HAL_PCD_IRQHandler
 .text.HAL_PCD_SetAddress
                0x0000000008006eca       0x4a Drivers/STM32F4xx_HAL_Driver/Src/stm32f4xx_hal_pcd.o
                0x0000000008006eca                HAL_PCD_SetAddress
 .text.HAL_PCD_EP_Open
                0x0000000008006f14       0xd0 Drivers/STM32F4xx_HAL_Driver/Src/stm32f4xx_hal_pcd.o
                0x0000000008006f14                HAL_PCD_EP_Open
 .text.HAL_PCD_EP_Close
                0x0000000008006fe4       0x94 Drivers/STM32F4xx_HAL_Driver/Src/stm32f4xx_hal_pcd.o
                0x0000000008006fe4                HAL_PCD_EP_Close
 .text.HAL_PCD_EP_Receive
                0x0000000008007078       0x96 Drivers/STM32F4xx_HAL_Driver/Src/stm32f4xx_hal_pcd.o
                0x0000000008007078                HAL_PCD_EP_Receive
 .text.HAL_PCD_EP_GetRxCount
                0x000000000800710e       0x30 Drivers/STM32F4xx_HAL_Driver/Src/stm32f4xx_hal_pcd.o
                0x000000000800710e                HAL_PCD_EP_GetRxCount
 .text.HAL_PCD_EP_Transmit
                0x000000000800713e       0x94 Drivers/STM32F4xx_HAL_Driver/Src/stm32f4xx_hal_pcd.o
                0x000000000800713e                HAL_PCD_EP_Transmit
 .text.HAL_PCD_EP_SetStall
                0x00000000080071d2       0xc8 Drivers/STM32F4xx_HAL_Driver/Src/stm32f4xx_hal_pcd.o
                0x00000000080071d2                HAL_PCD_EP_SetStall
 .text.HAL_PCD_EP_ClrStall
                0x000000000800729a       0xac Drivers/STM32F4xx_HAL_Driver/Src/stm32f4xx_hal_pcd.o
                0x000000000800729a                HAL_PCD_EP_ClrStall
 .text.PCD_WriteEmptyTxFifo
                0x0000000008007346      0x11a Drivers/STM32F4xx_HAL_Driver/Src/stm32f4xx_hal_pcd.o
 .text.PCD_EP_OutXfrComplete_int
                0x0000000008007460      0x218 Drivers/STM32F4xx_HAL_Driver/Src/stm32f4xx_hal_pcd.o
 .text.PCD_EP_OutSetupPacket_int
                0x0000000008007678       0x8c Drivers/STM32F4xx_HAL_Driver/Src/stm32f4xx_hal_pcd.o
 .text.HAL_PCDEx_SetTxFiFo
                0x0000000008007704       0x8e Drivers/STM32F4xx_HAL_Driver/Src/stm32f4xx_hal_pcd_ex.o
                0x0000000008007704                HAL_PCDEx_SetTxFiFo
 .text.HAL_PCDEx_SetRxFiFo
                0x0000000008007792       0x22 Drivers/STM32F4xx_HAL_Driver/Src/stm32f4xx_hal_pcd_ex.o
                0x0000000008007792                HAL_PCDEx_SetRxFiFo
 .text.HAL_PCDEx_LPM_Callback
                0x00000000080077b4       0x18 Drivers/STM32F4xx_HAL_Driver/Src/stm32f4xx_hal_pcd_ex.o
                0x00000000080077b4                HAL_PCDEx_LPM_Callback
 .text.HAL_RCC_OscConfig
                0x00000000080077cc      0x4e0 Drivers/STM32F4xx_HAL_Driver/Src/stm32f4xx_hal_rcc.o
                0x00000000080077cc                HAL_RCC_OscConfig
 .text.HAL_RCC_ClockConfig
                0x0000000008007cac      0x1cc Drivers/STM32F4xx_HAL_Driver/Src/stm32f4xx_hal_rcc.o
                0x0000000008007cac                HAL_RCC_ClockConfig
 .text.HAL_RCC_GetSysClockFreq
                0x0000000008007e78      0x164 Drivers/STM32F4xx_HAL_Driver/Src/stm32f4xx_hal_rcc.o
                0x0000000008007e78                HAL_RCC_GetSysClockFreq
 .text.HAL_RCC_GetHCLKFreq
                0x0000000008007fdc       0x18 Drivers/STM32F4xx_HAL_Driver/Src/stm32f4xx_hal_rcc.o
                0x0000000008007fdc                HAL_RCC_GetHCLKFreq
 .text.HAL_RCC_GetPCLK1Freq
                0x0000000008007ff4       0x28 Drivers/STM32F4xx_HAL_Driver/Src/stm32f4xx_hal_rcc.o
                0x0000000008007ff4                HAL_RCC_GetPCLK1Freq
 .text.HAL_SPI_Init
                0x000000000800801c       0xc8 Drivers/STM32F4xx_HAL_Driver/Src/stm32f4xx_hal_spi.o
                0x000000000800801c                HAL_SPI_Init
 .text.HAL_SPI_Transmit
                0x00000000080080e4      0x268 Drivers/STM32F4xx_HAL_Driver/Src/stm32f4xx_hal_spi.o
                0x00000000080080e4                HAL_SPI_Transmit
 .text.HAL_SPI_TransmitReceive
                0x000000000800834c      0x344 Drivers/STM32F4xx_HAL_Driver/Src/stm32f4xx_hal_spi.o
                0x000000000800834c                HAL_SPI_TransmitReceive
 .text.HAL_SPI_IRQHandler
                0x0000000008008690      0x200 Drivers/STM32F4xx_HAL_Driver/Src/stm32f4xx_hal_spi.o
                0x0000000008008690                HAL_SPI_IRQHandler
 .text.HAL_SPI_ErrorCallback
                0x0000000008008890       0x14 Drivers/STM32F4xx_HAL_Driver/Src/stm32f4xx_hal_spi.o
                0x0000000008008890                HAL_SPI_ErrorCallback
 .text.SPI_DMAAbortOnError
                0x00000000080088a4       0x28 Drivers/STM32F4xx_HAL_Driver/Src/stm32f4xx_hal_spi.o
 .text.SPI_WaitFlagStateUntilTimeout
                0x00000000080088cc       0xd4 Drivers/STM32F4xx_HAL_Driver/Src/stm32f4xx_hal_spi.o
 .text.SPI_EndRxTxTransaction
                0x00000000080089a0       0x84 Drivers/STM32F4xx_HAL_Driver/Src/stm32f4xx_hal_spi.o
 .text.HAL_TIM_Base_Init
                0x0000000008008a24       0x56 Drivers/STM32F4xx_HAL_Driver/Src/stm32f4xx_hal_tim.o
                0x0000000008008a24                HAL_TIM_Base_Init
 .text.HAL_TIM_Base_Start_IT
                0x0000000008008a7a       0x48 Drivers/STM32F4xx_HAL_Driver/Src/stm32f4xx_hal_tim.o
                0x0000000008008a7a                HAL_TIM_Base_Start_IT
 .text.HAL_TIM_Base_Stop_IT
                0x0000000008008ac2       0x56 Drivers/STM32F4xx_HAL_Driver/Src/stm32f4xx_hal_tim.o
                0x0000000008008ac2                HAL_TIM_Base_Stop_IT
 .text.HAL_TIM_IRQHandler
                0x0000000008008b18      0x210 Drivers/STM32F4xx_HAL_Driver/Src/stm32f4xx_hal_tim.o
                0x0000000008008b18                HAL_TIM_IRQHandler
 .text.HAL_TIM_ConfigClockSource
                0x0000000008008d28      0x16e Drivers/STM32F4xx_HAL_Driver/Src/stm32f4xx_hal_tim.o
                0x0000000008008d28                HAL_TIM_ConfigClockSource
 .text.HAL_TIM_PeriodElapsedCallback
                0x0000000008008e96       0x14 Drivers/STM32F4xx_HAL_Driver/Src/stm32f4xx_hal_tim.o
                0x0000000008008e96                HAL_TIM_PeriodElapsedCallback
 .text.HAL_TIM_OC_DelayElapsedCallback
                0x0000000008008eaa       0x14 Drivers/STM32F4xx_HAL_Driver/Src/stm32f4xx_hal_tim.o
                0x0000000008008eaa                HAL_TIM_OC_DelayElapsedCallback
 .text.HAL_TIM_IC_CaptureCallback
                0x0000000008008ebe       0x14 Drivers/STM32F4xx_HAL_Driver/Src/stm32f4xx_hal_tim.o
                0x0000000008008ebe                HAL_TIM_IC_CaptureCallback
 .text.HAL_TIM_PWM_PulseFinishedCallback
                0x0000000008008ed2       0x14 Drivers/STM32F4xx_HAL_Driver/Src/stm32f4xx_hal_tim.o
                0x0000000008008ed2                HAL_TIM_PWM_PulseFinishedCallback
 .text.HAL_TIM_TriggerCallback
                0x0000000008008ee6       0x14 Drivers/STM32F4xx_HAL_Driver/Src/stm32f4xx_hal_tim.o
                0x0000000008008ee6                HAL_TIM_TriggerCallback
 *fill*         0x0000000008008efa        0x2 
 .text.TIM_Base_SetConfig
                0x0000000008008efc      0x140 Drivers/STM32F4xx_HAL_Driver/Src/stm32f4xx_hal_tim.o
                0x0000000008008efc                TIM_Base_SetConfig
 .text.TIM_TI1_ConfigInputStage
                0x000000000800903c       0x5e Drivers/STM32F4xx_HAL_Driver/Src/stm32f4xx_hal_tim.o
 .text.TIM_TI2_ConfigInputStage
                0x000000000800909a       0x60 Drivers/STM32F4xx_HAL_Driver/Src/stm32f4xx_hal_tim.o
 .text.TIM_ITRx_SetConfig
                0x00000000080090fa       0x36 Drivers/STM32F4xx_HAL_Driver/Src/stm32f4xx_hal_tim.o
 .text.TIM_ETR_SetConfig
                0x0000000008009130       0x40 Drivers/STM32F4xx_HAL_Driver/Src/stm32f4xx_hal_tim.o
                0x0000000008009130                TIM_ETR_SetConfig
 .text.HAL_TIMEx_MasterConfigSynchronization
                0x0000000008009170       0xf8 Drivers/STM32F4xx_HAL_Driver/Src/stm32f4xx_hal_tim_ex.o
                0x0000000008009170                HAL_TIMEx_MasterConfigSynchronization
 .text.HAL_TIMEx_CommutCallback
                0x0000000008009268       0x14 Drivers/STM32F4xx_HAL_Driver/Src/stm32f4xx_hal_tim_ex.o
                0x0000000008009268                HAL_TIMEx_CommutCallback
 .text.HAL_TIMEx_BreakCallback
                0x000000000800927c       0x14 Drivers/STM32F4xx_HAL_Driver/Src/stm32f4xx_hal_tim_ex.o
                0x000000000800927c                HAL_TIMEx_BreakCallback
 .text.USB_CoreInit
                0x0000000008009290       0xc2 Drivers/STM32F4xx_HAL_Driver/Src/stm32f4xx_ll_usb.o
                0x0000000008009290                USB_CoreInit
 *fill*         0x0000000008009352        0x2 
 .text.USB_SetTurnaroundTime
                0x0000000008009354      0x144 Drivers/STM32F4xx_HAL_Driver/Src/stm32f4xx_ll_usb.o
                0x0000000008009354                USB_SetTurnaroundTime
 .text.USB_EnableGlobalInt
                0x0000000008009498       0x22 Drivers/STM32F4xx_HAL_Driver/Src/stm32f4xx_ll_usb.o
                0x0000000008009498                USB_EnableGlobalInt
 .text.USB_DisableGlobalInt
                0x00000000080094ba       0x22 Drivers/STM32F4xx_HAL_Driver/Src/stm32f4xx_ll_usb.o
                0x00000000080094ba                USB_DisableGlobalInt
 .text.USB_SetCurrentMode
                0x00000000080094dc       0x54 Drivers/STM32F4xx_HAL_Driver/Src/stm32f4xx_ll_usb.o
                0x00000000080094dc                USB_SetCurrentMode
 .text.USB_DevInit
                0x0000000008009530      0x2c8 Drivers/STM32F4xx_HAL_Driver/Src/stm32f4xx_ll_usb.o
                0x0000000008009530                USB_DevInit
 .text.USB_FlushTxFifo
                0x00000000080097f8       0x4c Drivers/STM32F4xx_HAL_Driver/Src/stm32f4xx_ll_usb.o
                0x00000000080097f8                USB_FlushTxFifo
 .text.USB_FlushRxFifo
                0x0000000008009844       0x44 Drivers/STM32F4xx_HAL_Driver/Src/stm32f4xx_ll_usb.o
                0x0000000008009844                USB_FlushRxFifo
 .text.USB_SetDevSpeed
                0x0000000008009888       0x32 Drivers/STM32F4xx_HAL_Driver/Src/stm32f4xx_ll_usb.o
                0x0000000008009888                USB_SetDevSpeed
 .text.USB_GetDevSpeed
                0x00000000080098ba       0x4a Drivers/STM32F4xx_HAL_Driver/Src/stm32f4xx_ll_usb.o
                0x00000000080098ba                USB_GetDevSpeed
 .text.USB_ActivateEndpoint
                0x0000000008009904      0x10e Drivers/STM32F4xx_HAL_Driver/Src/stm32f4xx_ll_usb.o
                0x0000000008009904                USB_ActivateEndpoint
 *fill*         0x0000000008009a12        0x2 
 .text.USB_DeactivateEndpoint
                0x0000000008009a14      0x1b8 Drivers/STM32F4xx_HAL_Driver/Src/stm32f4xx_ll_usb.o
                0x0000000008009a14                USB_DeactivateEndpoint
 .text.USB_EPStartXfer
                0x0000000008009bcc      0x488 Drivers/STM32F4xx_HAL_Driver/Src/stm32f4xx_ll_usb.o
                0x0000000008009bcc                USB_EPStartXfer
 .text.USB_EP0StartXfer
                0x000000000800a054      0x2a6 Drivers/STM32F4xx_HAL_Driver/Src/stm32f4xx_ll_usb.o
                0x000000000800a054                USB_EP0StartXfer
 .text.USB_WritePacket
                0x000000000800a2fa       0x6a Drivers/STM32F4xx_HAL_Driver/Src/stm32f4xx_ll_usb.o
                0x000000000800a2fa                USB_WritePacket
 .text.USB_ReadPacket
                0x000000000800a364       0x52 Drivers/STM32F4xx_HAL_Driver/Src/stm32f4xx_ll_usb.o
                0x000000000800a364                USB_ReadPacket
 .text.USB_EPSetStall
                0x000000000800a3b6       0xdc Drivers/STM32F4xx_HAL_Driver/Src/stm32f4xx_ll_usb.o
                0x000000000800a3b6                USB_EPSetStall
 .text.USB_EPClearStall
                0x000000000800a492       0xcc Drivers/STM32F4xx_HAL_Driver/Src/stm32f4xx_ll_usb.o
                0x000000000800a492                USB_EPClearStall
 .text.USB_SetDevAddress
                0x000000000800a55e       0x4c Drivers/STM32F4xx_HAL_Driver/Src/stm32f4xx_ll_usb.o
                0x000000000800a55e                USB_SetDevAddress
 .text.USB_DevConnect
                0x000000000800a5aa       0x42 Drivers/STM32F4xx_HAL_Driver/Src/stm32f4xx_ll_usb.o
                0x000000000800a5aa                USB_DevConnect
 .text.USB_DevDisconnect
                0x000000000800a5ec       0x42 Drivers/STM32F4xx_HAL_Driver/Src/stm32f4xx_ll_usb.o
                0x000000000800a5ec                USB_DevDisconnect
 .text.USB_ReadInterrupts
                0x000000000800a62e       0x26 Drivers/STM32F4xx_HAL_Driver/Src/stm32f4xx_ll_usb.o
                0x000000000800a62e                USB_ReadInterrupts
 .text.USB_ReadDevAllOutEpInterrupt
                0x000000000800a654       0x34 Drivers/STM32F4xx_HAL_Driver/Src/stm32f4xx_ll_usb.o
                0x000000000800a654                USB_ReadDevAllOutEpInterrupt
 .text.USB_ReadDevAllInEpInterrupt
                0x000000000800a688       0x34 Drivers/STM32F4xx_HAL_Driver/Src/stm32f4xx_ll_usb.o
                0x000000000800a688                USB_ReadDevAllInEpInterrupt
 .text.USB_ReadDevOutEPInterrupt
                0x000000000800a6bc       0x3c Drivers/STM32F4xx_HAL_Driver/Src/stm32f4xx_ll_usb.o
                0x000000000800a6bc                USB_ReadDevOutEPInterrupt
 .text.USB_ReadDevInEPInterrupt
                0x000000000800a6f8       0x5c Drivers/STM32F4xx_HAL_Driver/Src/stm32f4xx_ll_usb.o
                0x000000000800a6f8                USB_ReadDevInEPInterrupt
 .text.USB_GetMode
                0x000000000800a754       0x1c Drivers/STM32F4xx_HAL_Driver/Src/stm32f4xx_ll_usb.o
                0x000000000800a754                USB_GetMode
 .text.USB_ActivateSetup
                0x000000000800a770       0x46 Drivers/STM32F4xx_HAL_Driver/Src/stm32f4xx_ll_usb.o
                0x000000000800a770                USB_ActivateSetup
 *fill*         0x000000000800a7b6        0x2 
 .text.USB_EP0_OutStart
                0x000000000800a7b8       0xbc Drivers/STM32F4xx_HAL_Driver/Src/stm32f4xx_ll_usb.o
                0x000000000800a7b8                USB_EP0_OutStart
 .text.USB_CoreReset
                0x000000000800a874       0x68 Drivers/STM32F4xx_HAL_Driver/Src/stm32f4xx_ll_usb.o
 .text.USBD_CDC_Init
                0x000000000800a8dc      0x100 Middlewares/ST/STM32_USB_Device_Library/Class/CDC/Src/usbd_cdc.o
 .text.USBD_CDC_DeInit
                0x000000000800a9dc       0x78 Middlewares/ST/STM32_USB_Device_Library/Class/CDC/Src/usbd_cdc.o
 .text.USBD_CDC_Setup
                0x000000000800aa54      0x178 Middlewares/ST/STM32_USB_Device_Library/Class/CDC/Src/usbd_cdc.o
 .text.USBD_CDC_DataIn
                0x000000000800abcc       0xbe Middlewares/ST/STM32_USB_Device_Library/Class/CDC/Src/usbd_cdc.o
 .text.USBD_CDC_DataOut
                0x000000000800ac8a       0x56 Middlewares/ST/STM32_USB_Device_Library/Class/CDC/Src/usbd_cdc.o
 .text.USBD_CDC_EP0_RxReady
                0x000000000800ace0       0x50 Middlewares/ST/STM32_USB_Device_Library/Class/CDC/Src/usbd_cdc.o
 .text.USBD_CDC_GetFSCfgDesc
                0x000000000800ad30       0x20 Middlewares/ST/STM32_USB_Device_Library/Class/CDC/Src/usbd_cdc.o
 .text.USBD_CDC_GetHSCfgDesc
                0x000000000800ad50       0x20 Middlewares/ST/STM32_USB_Device_Library/Class/CDC/Src/usbd_cdc.o
 .text.USBD_CDC_GetOtherSpeedCfgDesc
                0x000000000800ad70       0x20 Middlewares/ST/STM32_USB_Device_Library/Class/CDC/Src/usbd_cdc.o
 .text.USBD_CDC_GetDeviceQualifierDescriptor
                0x000000000800ad90       0x20 Middlewares/ST/STM32_USB_Device_Library/Class/CDC/Src/usbd_cdc.o
                0x000000000800ad90                USBD_CDC_GetDeviceQualifierDescriptor
 .text.USBD_CDC_RegisterInterface
                0x000000000800adb0       0x2a Middlewares/ST/STM32_USB_Device_Library/Class/CDC/Src/usbd_cdc.o
                0x000000000800adb0                USBD_CDC_RegisterInterface
 .text.USBD_CDC_SetTxBuffer
                0x000000000800adda       0x32 Middlewares/ST/STM32_USB_Device_Library/Class/CDC/Src/usbd_cdc.o
                0x000000000800adda                USBD_CDC_SetTxBuffer
 .text.USBD_CDC_SetRxBuffer
                0x000000000800ae0c       0x28 Middlewares/ST/STM32_USB_Device_Library/Class/CDC/Src/usbd_cdc.o
                0x000000000800ae0c                USBD_CDC_SetRxBuffer
 .text.USBD_CDC_TransmitPacket
                0x000000000800ae34       0x60 Middlewares/ST/STM32_USB_Device_Library/Class/CDC/Src/usbd_cdc.o
                0x000000000800ae34                USBD_CDC_TransmitPacket
 .text.USBD_CDC_ReceivePacket
                0x000000000800ae94       0x54 Middlewares/ST/STM32_USB_Device_Library/Class/CDC/Src/usbd_cdc.o
                0x000000000800ae94                USBD_CDC_ReceivePacket
 .text.USBD_Init
                0x000000000800aee8       0x88 Middlewares/ST/STM32_USB_Device_Library/Core/Src/usbd_core.o
                0x000000000800aee8                USBD_Init
 .text.USBD_RegisterClass
                0x000000000800af70       0x5c Middlewares/ST/STM32_USB_Device_Library/Core/Src/usbd_core.o
                0x000000000800af70                USBD_RegisterClass
 .text.USBD_Start
                0x000000000800afcc       0x18 Middlewares/ST/STM32_USB_Device_Library/Core/Src/usbd_core.o
                0x000000000800afcc                USBD_Start
 .text.USBD_RunTestMode
                0x000000000800afe4       0x16 Middlewares/ST/STM32_USB_Device_Library/Core/Src/usbd_core.o
                0x000000000800afe4                USBD_RunTestMode
 .text.USBD_SetClassConfig
                0x000000000800affa       0x38 Middlewares/ST/STM32_USB_Device_Library/Core/Src/usbd_core.o
                0x000000000800affa                USBD_SetClassConfig
 .text.USBD_ClrClassConfig
                0x000000000800b032       0x30 Middlewares/ST/STM32_USB_Device_Library/Core/Src/usbd_core.o
                0x000000000800b032                USBD_ClrClassConfig
 .text.USBD_LL_SetupStage
                0x000000000800b062       0xa6 Middlewares/ST/STM32_USB_Device_Library/Core/Src/usbd_core.o
                0x000000000800b062                USBD_LL_SetupStage
 .text.USBD_LL_DataOutStage
                0x000000000800b108       0xc6 Middlewares/ST/STM32_USB_Device_Library/Core/Src/usbd_core.o
                0x000000000800b108                USBD_LL_DataOutStage
 .text.USBD_LL_DataInStage
                0x000000000800b1ce      0x12c Middlewares/ST/STM32_USB_Device_Library/Core/Src/usbd_core.o
                0x000000000800b1ce                USBD_LL_DataInStage
 .text.USBD_LL_Reset
                0x000000000800b2fa       0x82 Middlewares/ST/STM32_USB_Device_Library/Core/Src/usbd_core.o
                0x000000000800b2fa                USBD_LL_Reset
 .text.USBD_LL_SetSpeed
                0x000000000800b37c       0x20 Middlewares/ST/STM32_USB_Device_Library/Core/Src/usbd_core.o
                0x000000000800b37c                USBD_LL_SetSpeed
 .text.USBD_LL_Suspend
                0x000000000800b39c       0x2a Middlewares/ST/STM32_USB_Device_Library/Core/Src/usbd_core.o
                0x000000000800b39c                USBD_LL_Suspend
 .text.USBD_LL_Resume
                0x000000000800b3c6       0x2c Middlewares/ST/STM32_USB_Device_Library/Core/Src/usbd_core.o
                0x000000000800b3c6                USBD_LL_Resume
 .text.USBD_LL_SOF
                0x000000000800b3f2       0x34 Middlewares/ST/STM32_USB_Device_Library/Core/Src/usbd_core.o
                0x000000000800b3f2                USBD_LL_SOF
 .text.USBD_LL_IsoINIncomplete
                0x000000000800b426       0x1a Middlewares/ST/STM32_USB_Device_Library/Core/Src/usbd_core.o
                0x000000000800b426                USBD_LL_IsoINIncomplete
 .text.USBD_LL_IsoOUTIncomplete
                0x000000000800b440       0x1a Middlewares/ST/STM32_USB_Device_Library/Core/Src/usbd_core.o
                0x000000000800b440                USBD_LL_IsoOUTIncomplete
 .text.USBD_LL_DevConnected
                0x000000000800b45a       0x16 Middlewares/ST/STM32_USB_Device_Library/Core/Src/usbd_core.o
                0x000000000800b45a                USBD_LL_DevConnected
 .text.USBD_LL_DevDisconnected
                0x000000000800b470       0x38 Middlewares/ST/STM32_USB_Device_Library/Core/Src/usbd_core.o
                0x000000000800b470                USBD_LL_DevDisconnected
 .text.SWAPBYTE
                0x000000000800b4a8       0x3c Middlewares/ST/STM32_USB_Device_Library/Core/Src/usbd_ctlreq.o
 .text.USBD_StdDevReq
                0x000000000800b4e4       0xdc Middlewares/ST/STM32_USB_Device_Library/Core/Src/usbd_ctlreq.o
                0x000000000800b4e4                USBD_StdDevReq
 .text.USBD_StdItfReq
                0x000000000800b5c0       0x8c Middlewares/ST/STM32_USB_Device_Library/Core/Src/usbd_ctlreq.o
                0x000000000800b5c0                USBD_StdItfReq
 .text.USBD_StdEPReq
                0x000000000800b64c      0x2aa Middlewares/ST/STM32_USB_Device_Library/Core/Src/usbd_ctlreq.o
                0x000000000800b64c                USBD_StdEPReq
 *fill*         0x000000000800b8f6        0x2 
 .text.USBD_GetDescriptor
                0x000000000800b8f8      0x2d4 Middlewares/ST/STM32_USB_Device_Library/Core/Src/usbd_ctlreq.o
 .text.USBD_SetAddress
                0x000000000800bbcc       0x84 Middlewares/ST/STM32_USB_Device_Library/Core/Src/usbd_ctlreq.o
 .text.USBD_SetConfig
                0x000000000800bc50      0x148 Middlewares/ST/STM32_USB_Device_Library/Core/Src/usbd_ctlreq.o
 .text.USBD_GetConfig
                0x000000000800bd98       0x68 Middlewares/ST/STM32_USB_Device_Library/Core/Src/usbd_ctlreq.o
 .text.USBD_GetStatus
                0x000000000800be00       0x66 Middlewares/ST/STM32_USB_Device_Library/Core/Src/usbd_ctlreq.o
 .text.USBD_SetFeature
                0x000000000800be66       0x28 Middlewares/ST/STM32_USB_Device_Library/Core/Src/usbd_ctlreq.o
 .text.USBD_ClrFeature
                0x000000000800be8e       0x42 Middlewares/ST/STM32_USB_Device_Library/Core/Src/usbd_ctlreq.o
 .text.USBD_ParseSetupRequest
                0x000000000800bed0       0x74 Middlewares/ST/STM32_USB_Device_Library/Core/Src/usbd_ctlreq.o
                0x000000000800bed0                USBD_ParseSetupRequest
 .text.USBD_CtlError
                0x000000000800bf44       0x22 Middlewares/ST/STM32_USB_Device_Library/Core/Src/usbd_ctlreq.o
                0x000000000800bf44                USBD_CtlError
 .text.USBD_GetString
                0x000000000800bf66       0x8c Middlewares/ST/STM32_USB_Device_Library/Core/Src/usbd_ctlreq.o
                0x000000000800bf66                USBD_GetString
 .text.USBD_GetLen
                0x000000000800bff2       0x34 Middlewares/ST/STM32_USB_Device_Library/Core/Src/usbd_ctlreq.o
 .text.USBD_CtlSendData
                0x000000000800c026       0x36 Middlewares/ST/STM32_USB_Device_Library/Core/Src/usbd_ioreq.o
                0x000000000800c026                USBD_CtlSendData
 .text.USBD_CtlContinueSendData
                0x000000000800c05c       0x22 Middlewares/ST/STM32_USB_Device_Library/Core/Src/usbd_ioreq.o
                0x000000000800c05c                USBD_CtlContinueSendData
 .text.USBD_CtlPrepareRx
                0x000000000800c07e       0x3a Middlewares/ST/STM32_USB_Device_Library/Core/Src/usbd_ioreq.o
                0x000000000800c07e                USBD_CtlPrepareRx
 .text.USBD_CtlContinueRx
                0x000000000800c0b8       0x22 Middlewares/ST/STM32_USB_Device_Library/Core/Src/usbd_ioreq.o
                0x000000000800c0b8                USBD_CtlContinueRx
 .text.USBD_CtlSendStatus
                0x000000000800c0da       0x26 Middlewares/ST/STM32_USB_Device_Library/Core/Src/usbd_ioreq.o
                0x000000000800c0da                USBD_CtlSendStatus
 .text.USBD_CtlReceiveStatus
                0x000000000800c100       0x26 Middlewares/ST/STM32_USB_Device_Library/Core/Src/usbd_ioreq.o
                0x000000000800c100                USBD_CtlReceiveStatus
 *fill*         0x000000000800c126        0x2 
 .text.MX_USB_DEVICE_Init
                0x000000000800c128       0x60 USB_DEVICE/App/usb_device.o
                0x000000000800c128                MX_USB_DEVICE_Init
 .text.CDC_Init_FS
                0x000000000800c188       0x28 USB_DEVICE/App/usbd_cdc_if.o
 .text.CDC_DeInit_FS
                0x000000000800c1b0       0x10 USB_DEVICE/App/usbd_cdc_if.o
 .text.CDC_Control_FS
                0x000000000800c1c0       0xe4 USB_DEVICE/App/usbd_cdc_if.o
 .text.CDC_Receive_FS
                0x000000000800c2a4       0x34 USB_DEVICE/App/usbd_cdc_if.o
 .text.CDC_Transmit_FS
                0x000000000800c2d8       0x4c USB_DEVICE/App/usbd_cdc_if.o
                0x000000000800c2d8                CDC_Transmit_FS
 .text.CDC_TransmitCplt_FS
                0x000000000800c324       0x22 USB_DEVICE/App/usbd_cdc_if.o
 *fill*         0x000000000800c346        0x2 
 .text.USBD_FS_DeviceDescriptor
                0x000000000800c348       0x24 USB_DEVICE/App/usbd_desc.o
                0x000000000800c348                USBD_FS_DeviceDescriptor
 .text.USBD_FS_LangIDStrDescriptor
                0x000000000800c36c       0x24 USB_DEVICE/App/usbd_desc.o
                0x000000000800c36c                USBD_FS_LangIDStrDescriptor
 .text.USBD_FS_ProductStrDescriptor
                0x000000000800c390       0x3c USB_DEVICE/App/usbd_desc.o
                0x000000000800c390                USBD_FS_ProductStrDescriptor
 .text.USBD_FS_ManufacturerStrDescriptor
                0x000000000800c3cc       0x28 USB_DEVICE/App/usbd_desc.o
                0x000000000800c3cc                USBD_FS_ManufacturerStrDescriptor
 .text.USBD_FS_SerialStrDescriptor
                0x000000000800c3f4       0x24 USB_DEVICE/App/usbd_desc.o
                0x000000000800c3f4                USBD_FS_SerialStrDescriptor
 .text.USBD_FS_ConfigStrDescriptor
                0x000000000800c418       0x3c USB_DEVICE/App/usbd_desc.o
                0x000000000800c418                USBD_FS_ConfigStrDescriptor
 .text.USBD_FS_InterfaceStrDescriptor
                0x000000000800c454       0x3c USB_DEVICE/App/usbd_desc.o
                0x000000000800c454                USBD_FS_InterfaceStrDescriptor
 .text.Get_SerialNum
                0x000000000800c490       0x58 USB_DEVICE/App/usbd_desc.o
 .text.IntToUnicode
                0x000000000800c4e8       0x7c USB_DEVICE/App/usbd_desc.o
 .text.HAL_PCD_MspInit
                0x000000000800c564       0xc4 USB_DEVICE/Target/usbd_conf.o
                0x000000000800c564                HAL_PCD_MspInit
 .text.HAL_PCD_SetupStageCallback
                0x000000000800c628       0x24 USB_DEVICE/Target/usbd_conf.o
                0x000000000800c628                HAL_PCD_SetupStageCallback
 .text.HAL_PCD_DataOutStageCallback
                0x000000000800c64c       0x36 USB_DEVICE/Target/usbd_conf.o
                0x000000000800c64c                HAL_PCD_DataOutStageCallback
 .text.HAL_PCD_DataInStageCallback
                0x000000000800c682       0x34 USB_DEVICE/Target/usbd_conf.o
                0x000000000800c682                HAL_PCD_DataInStageCallback
 .text.HAL_PCD_SOFCallback
                0x000000000800c6b6       0x1c USB_DEVICE/Target/usbd_conf.o
                0x000000000800c6b6                HAL_PCD_SOFCallback
 .text.HAL_PCD_ResetCallback
                0x000000000800c6d2       0x50 USB_DEVICE/Target/usbd_conf.o
                0x000000000800c6d2                HAL_PCD_ResetCallback
 *fill*         0x000000000800c722        0x2 
 .text.HAL_PCD_SuspendCallback
                0x000000000800c724       0x4c USB_DEVICE/Target/usbd_conf.o
                0x000000000800c724                HAL_PCD_SuspendCallback
 .text.HAL_PCD_ResumeCallback
                0x000000000800c770       0x1c USB_DEVICE/Target/usbd_conf.o
                0x000000000800c770                HAL_PCD_ResumeCallback
 .text.HAL_PCD_ISOOUTIncompleteCallback
                0x000000000800c78c       0x24 USB_DEVICE/Target/usbd_conf.o
                0x000000000800c78c                HAL_PCD_ISOOUTIncompleteCallback
 .text.HAL_PCD_ISOINIncompleteCallback
                0x000000000800c7b0       0x24 USB_DEVICE/Target/usbd_conf.o
                0x000000000800c7b0                HAL_PCD_ISOINIncompleteCallback
 .text.HAL_PCD_ConnectCallback
                0x000000000800c7d4       0x1c USB_DEVICE/Target/usbd_conf.o
                0x000000000800c7d4                HAL_PCD_ConnectCallback
 .text.HAL_PCD_DisconnectCallback
                0x000000000800c7f0       0x1c USB_DEVICE/Target/usbd_conf.o
                0x000000000800c7f0                HAL_PCD_DisconnectCallback
 .text.USBD_LL_Init
                0x000000000800c80c       0x98 USB_DEVICE/Target/usbd_conf.o
                0x000000000800c80c                USBD_LL_Init
 .text.USBD_LL_Start
                0x000000000800c8a4       0x36 USB_DEVICE/Target/usbd_conf.o
                0x000000000800c8a4                USBD_LL_Start
 .text.USBD_LL_OpenEP
                0x000000000800c8da       0x4c USB_DEVICE/Target/usbd_conf.o
                0x000000000800c8da                USBD_LL_OpenEP
 .text.USBD_LL_CloseEP
                0x000000000800c926       0x3e USB_DEVICE/Target/usbd_conf.o
                0x000000000800c926                USBD_LL_CloseEP
 .text.USBD_LL_StallEP
                0x000000000800c964       0x3e USB_DEVICE/Target/usbd_conf.o
                0x000000000800c964                USBD_LL_StallEP
 .text.USBD_LL_ClearStallEP
                0x000000000800c9a2       0x3e USB_DEVICE/Target/usbd_conf.o
                0x000000000800c9a2                USBD_LL_ClearStallEP
 .text.USBD_LL_IsStallEP
                0x000000000800c9e0       0x58 USB_DEVICE/Target/usbd_conf.o
                0x000000000800c9e0                USBD_LL_IsStallEP
 .text.USBD_LL_SetUSBAddress
                0x000000000800ca38       0x3e USB_DEVICE/Target/usbd_conf.o
                0x000000000800ca38                USBD_LL_SetUSBAddress
 .text.USBD_LL_Transmit
                0x000000000800ca76       0x42 USB_DEVICE/Target/usbd_conf.o
                0x000000000800ca76                USBD_LL_Transmit
 .text.USBD_LL_PrepareReceive
                0x000000000800cab8       0x42 USB_DEVICE/Target/usbd_conf.o
                0x000000000800cab8                USBD_LL_PrepareReceive
 .text.USBD_LL_GetRxDataSize
                0x000000000800cafa       0x26 USB_DEVICE/Target/usbd_conf.o
                0x000000000800cafa                USBD_LL_GetRxDataSize
 .text.USBD_Get_USB_Status
                0x000000000800cb20       0x58 USB_DEVICE/Target/usbd_conf.o
                0x000000000800cb20                USBD_Get_USB_Status
 .text.__errno  0x000000000800cb78        0xc c:/st/stm32cubeide_1.3.0/stm32cubeide/plugins/com.st.stm32cube.ide.mcu.externaltools.gnu-tools-for-stm32.7-2018-q2-update.win32_1.0.0.201904181610/tools/bin/../lib/gcc/arm-none-eabi/7.3.1/../../../../arm-none-eabi/lib/thumb/v7e-m/fpv4-sp/hard\libc_nano.a(lib_a-errno.o)
                0x000000000800cb78                __errno
 .text.__libc_init_array
                0x000000000800cb84       0x48 c:/st/stm32cubeide_1.3.0/stm32cubeide/plugins/com.st.stm32cube.ide.mcu.externaltools.gnu-tools-for-stm32.7-2018-q2-update.win32_1.0.0.201904181610/tools/bin/../lib/gcc/arm-none-eabi/7.3.1/../../../../arm-none-eabi/lib/thumb/v7e-m/fpv4-sp/hard\libc_nano.a(lib_a-init.o)
                0x000000000800cb84                __libc_init_array
 .text.malloc   0x000000000800cbcc       0x10 c:/st/stm32cubeide_1.3.0/stm32cubeide/plugins/com.st.stm32cube.ide.mcu.externaltools.gnu-tools-for-stm32.7-2018-q2-update.win32_1.0.0.201904181610/tools/bin/../lib/gcc/arm-none-eabi/7.3.1/../../../../arm-none-eabi/lib/thumb/v7e-m/fpv4-sp/hard\libc_nano.a(lib_a-malloc.o)
                0x000000000800cbcc                malloc
 .text.free     0x000000000800cbdc       0x10 c:/st/stm32cubeide_1.3.0/stm32cubeide/plugins/com.st.stm32cube.ide.mcu.externaltools.gnu-tools-for-stm32.7-2018-q2-update.win32_1.0.0.201904181610/tools/bin/../lib/gcc/arm-none-eabi/7.3.1/../../../../arm-none-eabi/lib/thumb/v7e-m/fpv4-sp/hard\libc_nano.a(lib_a-malloc.o)
                0x000000000800cbdc                free
 .text.memset   0x000000000800cbec       0x10 c:/st/stm32cubeide_1.3.0/stm32cubeide/plugins/com.st.stm32cube.ide.mcu.externaltools.gnu-tools-for-stm32.7-2018-q2-update.win32_1.0.0.201904181610/tools/bin/../lib/gcc/arm-none-eabi/7.3.1/../../../../arm-none-eabi/lib/thumb/v7e-m/fpv4-sp/hard\libc_nano.a(lib_a-memset.o)
                0x000000000800cbec                memset
 .text._free_r  0x000000000800cbfc       0x9c c:/st/stm32cubeide_1.3.0/stm32cubeide/plugins/com.st.stm32cube.ide.mcu.externaltools.gnu-tools-for-stm32.7-2018-q2-update.win32_1.0.0.201904181610/tools/bin/../lib/gcc/arm-none-eabi/7.3.1/../../../../arm-none-eabi/lib/thumb/v7e-m/fpv4-sp/hard\libc_nano.a(lib_a-nano-freer.o)
                0x000000000800cbfc                _free_r
 .text._malloc_r
                0x000000000800cc98       0xb4 c:/st/stm32cubeide_1.3.0/stm32cubeide/plugins/com.st.stm32cube.ide.mcu.externaltools.gnu-tools-for-stm32.7-2018-q2-update.win32_1.0.0.201904181610/tools/bin/../lib/gcc/arm-none-eabi/7.3.1/../../../../arm-none-eabi/lib/thumb/v7e-m/fpv4-sp/hard\libc_nano.a(lib_a-nano-mallocr.o)
                0x000000000800cc98                _malloc_r
 .text.printf   0x000000000800cd4c       0x30 c:/st/stm32cubeide_1.3.0/stm32cubeide/plugins/com.st.stm32cube.ide.mcu.externaltools.gnu-tools-for-stm32.7-2018-q2-update.win32_1.0.0.201904181610/tools/bin/../lib/gcc/arm-none-eabi/7.3.1/../../../../arm-none-eabi/lib/thumb/v7e-m/fpv4-sp/hard\libc_nano.a(lib_a-printf.o)
                0x000000000800cd4c                iprintf
                0x000000000800cd4c                printf
 .text.putchar  0x000000000800cd7c       0x28 c:/st/stm32cubeide_1.3.0/stm32cubeide/plugins/com.st.stm32cube.ide.mcu.externaltools.gnu-tools-for-stm32.7-2018-q2-update.win32_1.0.0.201904181610/tools/bin/../lib/gcc/arm-none-eabi/7.3.1/../../../../arm-none-eabi/lib/thumb/v7e-m/fpv4-sp/hard\libc_nano.a(lib_a-putchar.o)
                0x000000000800cd7c                putchar
 .text._sbrk_r  0x000000000800cda4       0x20 c:/st/stm32cubeide_1.3.0/stm32cubeide/plugins/com.st.stm32cube.ide.mcu.externaltools.gnu-tools-for-stm32.7-2018-q2-update.win32_1.0.0.201904181610/tools/bin/../lib/gcc/arm-none-eabi/7.3.1/../../../../arm-none-eabi/lib/thumb/v7e-m/fpv4-sp/hard\libc_nano.a(lib_a-sbrkr.o)
                0x000000000800cda4                _sbrk_r
 .text.std      0x000000000800cdc4       0x48 c:/st/stm32cubeide_1.3.0/stm32cubeide/plugins/com.st.stm32cube.ide.mcu.externaltools.gnu-tools-for-stm32.7-2018-q2-update.win32_1.0.0.201904181610/tools/bin/../lib/gcc/arm-none-eabi/7.3.1/../../../../arm-none-eabi/lib/thumb/v7e-m/fpv4-sp/hard\libc_nano.a(lib_a-findfp.o)
 .text._cleanup_r
                0x000000000800ce0c        0xc c:/st/stm32cubeide_1.3.0/stm32cubeide/plugins/com.st.stm32cube.ide.mcu.externaltools.gnu-tools-for-stm32.7-2018-q2-update.win32_1.0.0.201904181610/tools/bin/../lib/gcc/arm-none-eabi/7.3.1/../../../../arm-none-eabi/lib/thumb/v7e-m/fpv4-sp/hard\libc_nano.a(lib_a-findfp.o)
                0x000000000800ce0c                _cleanup_r
 .text.__sfmoreglue
                0x000000000800ce18       0x2c c:/st/stm32cubeide_1.3.0/stm32cubeide/plugins/com.st.stm32cube.ide.mcu.externaltools.gnu-tools-for-stm32.7-2018-q2-update.win32_1.0.0.201904181610/tools/bin/../lib/gcc/arm-none-eabi/7.3.1/../../../../arm-none-eabi/lib/thumb/v7e-m/fpv4-sp/hard\libc_nano.a(lib_a-findfp.o)
                0x000000000800ce18                __sfmoreglue
 .text.__sinit  0x000000000800ce44       0x60 c:/st/stm32cubeide_1.3.0/stm32cubeide/plugins/com.st.stm32cube.ide.mcu.externaltools.gnu-tools-for-stm32.7-2018-q2-update.win32_1.0.0.201904181610/tools/bin/../lib/gcc/arm-none-eabi/7.3.1/../../../../arm-none-eabi/lib/thumb/v7e-m/fpv4-sp/hard\libc_nano.a(lib_a-findfp.o)
                0x000000000800ce44                __sinit
 .text.__sfp    0x000000000800cea4       0x78 c:/st/stm32cubeide_1.3.0/stm32cubeide/plugins/com.st.stm32cube.ide.mcu.externaltools.gnu-tools-for-stm32.7-2018-q2-update.win32_1.0.0.201904181610/tools/bin/../lib/gcc/arm-none-eabi/7.3.1/../../../../arm-none-eabi/lib/thumb/v7e-m/fpv4-sp/hard\libc_nano.a(lib_a-findfp.o)
                0x000000000800cea4                __sfp
 .text._fwalk_reent
                0x000000000800cf1c       0x3c c:/st/stm32cubeide_1.3.0/stm32cubeide/plugins/com.st.stm32cube.ide.mcu.externaltools.gnu-tools-for-stm32.7-2018-q2-update.win32_1.0.0.201904181610/tools/bin/../lib/gcc/arm-none-eabi/7.3.1/../../../../arm-none-eabi/lib/thumb/v7e-m/fpv4-sp/hard\libc_nano.a(lib_a-fwalk.o)
                0x000000000800cf1c                _fwalk_reent
 .text.__malloc_lock
                0x000000000800cf58        0x2 c:/st/stm32cubeide_1.3.0/stm32cubeide/plugins/com.st.stm32cube.ide.mcu.externaltools.gnu-tools-for-stm32.7-2018-q2-update.win32_1.0.0.201904181610/tools/bin/../lib/gcc/arm-none-eabi/7.3.1/../../../../arm-none-eabi/lib/thumb/v7e-m/fpv4-sp/hard\libc_nano.a(lib_a-mlock.o)
                0x000000000800cf58                __malloc_lock
 .text.__malloc_unlock
                0x000000000800cf5a        0x2 c:/st/stm32cubeide_1.3.0/stm32cubeide/plugins/com.st.stm32cube.ide.mcu.externaltools.gnu-tools-for-stm32.7-2018-q2-update.win32_1.0.0.201904181610/tools/bin/../lib/gcc/arm-none-eabi/7.3.1/../../../../arm-none-eabi/lib/thumb/v7e-m/fpv4-sp/hard\libc_nano.a(lib_a-mlock.o)
                0x000000000800cf5a                __malloc_unlock
 .text.__sfputc_r
                0x000000000800cf5c       0x2e c:/st/stm32cubeide_1.3.0/stm32cubeide/plugins/com.st.stm32cube.ide.mcu.externaltools.gnu-tools-for-stm32.7-2018-q2-update.win32_1.0.0.201904181610/tools/bin/../lib/gcc/arm-none-eabi/7.3.1/../../../../arm-none-eabi/lib/thumb/v7e-m/fpv4-sp/hard\libc_nano.a(lib_a-nano-vfprintf.o)
 .text.__sfputs_r
                0x000000000800cf8a       0x24 c:/st/stm32cubeide_1.3.0/stm32cubeide/plugins/com.st.stm32cube.ide.mcu.externaltools.gnu-tools-for-stm32.7-2018-q2-update.win32_1.0.0.201904181610/tools/bin/../lib/gcc/arm-none-eabi/7.3.1/../../../../arm-none-eabi/lib/thumb/v7e-m/fpv4-sp/hard\libc_nano.a(lib_a-nano-vfprintf.o)
                0x000000000800cf8a                __sfputs_r
 *fill*         0x000000000800cfae        0x2 
 .text._vfprintf_r
                0x000000000800cfb0      0x22c c:/st/stm32cubeide_1.3.0/stm32cubeide/plugins/com.st.stm32cube.ide.mcu.externaltools.gnu-tools-for-stm32.7-2018-q2-update.win32_1.0.0.201904181610/tools/bin/../lib/gcc/arm-none-eabi/7.3.1/../../../../arm-none-eabi/lib/thumb/v7e-m/fpv4-sp/hard\libc_nano.a(lib_a-nano-vfprintf.o)
                0x000000000800cfb0                _vfprintf_r
                0x000000000800cfb0                _vfiprintf_r
 .text._printf_common
                0x000000000800d1dc       0xea c:/st/stm32cubeide_1.3.0/stm32cubeide/plugins/com.st.stm32cube.ide.mcu.externaltools.gnu-tools-for-stm32.7-2018-q2-update.win32_1.0.0.201904181610/tools/bin/../lib/gcc/arm-none-eabi/7.3.1/../../../../arm-none-eabi/lib/thumb/v7e-m/fpv4-sp/hard\libc_nano.a(lib_a-nano-vfprintf_i.o)
                0x000000000800d1dc                _printf_common
 *fill*         0x000000000800d2c6        0x2 
 .text._printf_i
                0x000000000800d2c8      0x224 c:/st/stm32cubeide_1.3.0/stm32cubeide/plugins/com.st.stm32cube.ide.mcu.externaltools.gnu-tools-for-stm32.7-2018-q2-update.win32_1.0.0.201904181610/tools/bin/../lib/gcc/arm-none-eabi/7.3.1/../../../../arm-none-eabi/lib/thumb/v7e-m/fpv4-sp/hard\libc_nano.a(lib_a-nano-vfprintf_i.o)
                0x000000000800d2c8                _printf_i
 .text._putc_r  0x000000000800d4ec       0x6c c:/st/stm32cubeide_1.3.0/stm32cubeide/plugins/com.st.stm32cube.ide.mcu.externaltools.gnu-tools-for-stm32.7-2018-q2-update.win32_1.0.0.201904181610/tools/bin/../lib/gcc/arm-none-eabi/7.3.1/../../../../arm-none-eabi/lib/thumb/v7e-m/fpv4-sp/hard\libc_nano.a(lib_a-putc.o)
                0x000000000800d4ec                _putc_r
 .text.__sread  0x000000000800d558       0x22 c:/st/stm32cubeide_1.3.0/stm32cubeide/plugins/com.st.stm32cube.ide.mcu.externaltools.gnu-tools-for-stm32.7-2018-q2-update.win32_1.0.0.201904181610/tools/bin/../lib/gcc/arm-none-eabi/7.3.1/../../../../arm-none-eabi/lib/thumb/v7e-m/fpv4-sp/hard\libc_nano.a(lib_a-stdio.o)
                0x000000000800d558                __sread
 .text.__swrite
                0x000000000800d57a       0x38 c:/st/stm32cubeide_1.3.0/stm32cubeide/plugins/com.st.stm32cube.ide.mcu.externaltools.gnu-tools-for-stm32.7-2018-q2-update.win32_1.0.0.201904181610/tools/bin/../lib/gcc/arm-none-eabi/7.3.1/../../../../arm-none-eabi/lib/thumb/v7e-m/fpv4-sp/hard\libc_nano.a(lib_a-stdio.o)
                0x000000000800d57a                __swrite
 .text.__sseek  0x000000000800d5b2       0x24 c:/st/stm32cubeide_1.3.0/stm32cubeide/plugins/com.st.stm32cube.ide.mcu.externaltools.gnu-tools-for-stm32.7-2018-q2-update.win32_1.0.0.201904181610/tools/bin/../lib/gcc/arm-none-eabi/7.3.1/../../../../arm-none-eabi/lib/thumb/v7e-m/fpv4-sp/hard\libc_nano.a(lib_a-stdio.o)
                0x000000000800d5b2                __sseek
 .text.__sclose
                0x000000000800d5d6        0x8 c:/st/stm32cubeide_1.3.0/stm32cubeide/plugins/com.st.stm32cube.ide.mcu.externaltools.gnu-tools-for-stm32.7-2018-q2-update.win32_1.0.0.201904181610/tools/bin/../lib/gcc/arm-none-eabi/7.3.1/../../../../arm-none-eabi/lib/thumb/v7e-m/fpv4-sp/hard\libc_nano.a(lib_a-stdio.o)
                0x000000000800d5d6                __sclose
 *fill*         0x000000000800d5de        0x2 
 .text.__swbuf_r
                0x000000000800d5e0       0xa4 c:/st/stm32cubeide_1.3.0/stm32cubeide/plugins/com.st.stm32cube.ide.mcu.externaltools.gnu-tools-for-stm32.7-2018-q2-update.win32_1.0.0.201904181610/tools/bin/../lib/gcc/arm-none-eabi/7.3.1/../../../../arm-none-eabi/lib/thumb/v7e-m/fpv4-sp/hard\libc_nano.a(lib_a-wbuf.o)
                0x000000000800d5e0                __swbuf_r
 .text._write_r
                0x000000000800d684       0x24 c:/st/stm32cubeide_1.3.0/stm32cubeide/plugins/com.st.stm32cube.ide.mcu.externaltools.gnu-tools-for-stm32.7-2018-q2-update.win32_1.0.0.201904181610/tools/bin/../lib/gcc/arm-none-eabi/7.3.1/../../../../arm-none-eabi/lib/thumb/v7e-m/fpv4-sp/hard\libc_nano.a(lib_a-writer.o)
                0x000000000800d684                _write_r
 .text.__swsetup_r
                0x000000000800d6a8       0xdc c:/st/stm32cubeide_1.3.0/stm32cubeide/plugins/com.st.stm32cube.ide.mcu.externaltools.gnu-tools-for-stm32.7-2018-q2-update.win32_1.0.0.201904181610/tools/bin/../lib/gcc/arm-none-eabi/7.3.1/../../../../arm-none-eabi/lib/thumb/v7e-m/fpv4-sp/hard\libc_nano.a(lib_a-wsetup.o)
                0x000000000800d6a8                __swsetup_r
 .text._close_r
                0x000000000800d784       0x20 c:/st/stm32cubeide_1.3.0/stm32cubeide/plugins/com.st.stm32cube.ide.mcu.externaltools.gnu-tools-for-stm32.7-2018-q2-update.win32_1.0.0.201904181610/tools/bin/../lib/gcc/arm-none-eabi/7.3.1/../../../../arm-none-eabi/lib/thumb/v7e-m/fpv4-sp/hard\libc_nano.a(lib_a-closer.o)
                0x000000000800d784                _close_r
 .text.__sflush_r
                0x000000000800d7a4      0x10c c:/st/stm32cubeide_1.3.0/stm32cubeide/plugins/com.st.stm32cube.ide.mcu.externaltools.gnu-tools-for-stm32.7-2018-q2-update.win32_1.0.0.201904181610/tools/bin/../lib/gcc/arm-none-eabi/7.3.1/../../../../arm-none-eabi/lib/thumb/v7e-m/fpv4-sp/hard\libc_nano.a(lib_a-fflush.o)
                0x000000000800d7a4                __sflush_r
 .text._fflush_r
                0x000000000800d8b0       0x54 c:/st/stm32cubeide_1.3.0/stm32cubeide/plugins/com.st.stm32cube.ide.mcu.externaltools.gnu-tools-for-stm32.7-2018-q2-update.win32_1.0.0.201904181610/tools/bin/../lib/gcc/arm-none-eabi/7.3.1/../../../../arm-none-eabi/lib/thumb/v7e-m/fpv4-sp/hard\libc_nano.a(lib_a-fflush.o)
                0x000000000800d8b0                _fflush_r
 .text._lseek_r
                0x000000000800d904       0x24 c:/st/stm32cubeide_1.3.0/stm32cubeide/plugins/com.st.stm32cube.ide.mcu.externaltools.gnu-tools-for-stm32.7-2018-q2-update.win32_1.0.0.201904181610/tools/bin/../lib/gcc/arm-none-eabi/7.3.1/../../../../arm-none-eabi/lib/thumb/v7e-m/fpv4-sp/hard\libc_nano.a(lib_a-lseekr.o)
                0x000000000800d904                _lseek_r
 .text.__swhatbuf_r
                0x000000000800d928       0x48 c:/st/stm32cubeide_1.3.0/stm32cubeide/plugins/com.st.stm32cube.ide.mcu.externaltools.gnu-tools-for-stm32.7-2018-q2-update.win32_1.0.0.201904181610/tools/bin/../lib/gcc/arm-none-eabi/7.3.1/../../../../arm-none-eabi/lib/thumb/v7e-m/fpv4-sp/hard\libc_nano.a(lib_a-makebuf.o)
                0x000000000800d928                __swhatbuf_r
 .text.__smakebuf_r
                0x000000000800d970       0x80 c:/st/stm32cubeide_1.3.0/stm32cubeide/plugins/com.st.stm32cube.ide.mcu.externaltools.gnu-tools-for-stm32.7-2018-q2-update.win32_1.0.0.201904181610/tools/bin/../lib/gcc/arm-none-eabi/7.3.1/../../../../arm-none-eabi/lib/thumb/v7e-m/fpv4-sp/hard\libc_nano.a(lib_a-makebuf.o)
                0x000000000800d970                __smakebuf_r
 .text._read_r  0x000000000800d9f0       0x24 c:/st/stm32cubeide_1.3.0/stm32cubeide/plugins/com.st.stm32cube.ide.mcu.externaltools.gnu-tools-for-stm32.7-2018-q2-update.win32_1.0.0.201904181610/tools/bin/../lib/gcc/arm-none-eabi/7.3.1/../../../../arm-none-eabi/lib/thumb/v7e-m/fpv4-sp/hard\libc_nano.a(lib_a-readr.o)
                0x000000000800d9f0                _read_r
 .text._fstat_r
                0x000000000800da14       0x24 c:/st/stm32cubeide_1.3.0/stm32cubeide/plugins/com.st.stm32cube.ide.mcu.externaltools.gnu-tools-for-stm32.7-2018-q2-update.win32_1.0.0.201904181610/tools/bin/../lib/gcc/arm-none-eabi/7.3.1/../../../../arm-none-eabi/lib/thumb/v7e-m/fpv4-sp/hard\libc_nano.a(lib_a-fstatr.o)
                0x000000000800da14                _fstat_r
 .text._isatty_r
                0x000000000800da38       0x20 c:/st/stm32cubeide_1.3.0/stm32cubeide/plugins/com.st.stm32cube.ide.mcu.externaltools.gnu-tools-for-stm32.7-2018-q2-update.win32_1.0.0.201904181610/tools/bin/../lib/gcc/arm-none-eabi/7.3.1/../../../../arm-none-eabi/lib/thumb/v7e-m/fpv4-sp/hard\libc_nano.a(lib_a-isattyr.o)
                0x000000000800da38                _isatty_r
 *(.glue_7)
 .glue_7        0x000000000800da58        0x0 linker stubs
 *(.glue_7t)
 .glue_7t       0x000000000800da58        0x0 linker stubs
 *(.eh_frame)
 .eh_frame      0x000000000800da58        0x0 c:/st/stm32cubeide_1.3.0/stm32cubeide/plugins/com.st.stm32cube.ide.mcu.externaltools.gnu-tools-for-stm32.7-2018-q2-update.win32_1.0.0.201904181610/tools/bin/../lib/gcc/arm-none-eabi/7.3.1/thumb/v7e-m/fpv4-sp/hard/crtbegin.o
 *(.init)
 .init          0x000000000800da58        0x4 c:/st/stm32cubeide_1.3.0/stm32cubeide/plugins/com.st.stm32cube.ide.mcu.externaltools.gnu-tools-for-stm32.7-2018-q2-update.win32_1.0.0.201904181610/tools/bin/../lib/gcc/arm-none-eabi/7.3.1/thumb/v7e-m/fpv4-sp/hard/crti.o
                0x000000000800da58                _init
 .init          0x000000000800da5c        0x8 c:/st/stm32cubeide_1.3.0/stm32cubeide/plugins/com.st.stm32cube.ide.mcu.externaltools.gnu-tools-for-stm32.7-2018-q2-update.win32_1.0.0.201904181610/tools/bin/../lib/gcc/arm-none-eabi/7.3.1/thumb/v7e-m/fpv4-sp/hard/crtn.o
 *(.fini)
 .fini          0x000000000800da64        0x4 c:/st/stm32cubeide_1.3.0/stm32cubeide/plugins/com.st.stm32cube.ide.mcu.externaltools.gnu-tools-for-stm32.7-2018-q2-update.win32_1.0.0.201904181610/tools/bin/../lib/gcc/arm-none-eabi/7.3.1/thumb/v7e-m/fpv4-sp/hard/crti.o
                0x000000000800da64                _fini
 .fini          0x000000000800da68        0x8 c:/st/stm32cubeide_1.3.0/stm32cubeide/plugins/com.st.stm32cube.ide.mcu.externaltools.gnu-tools-for-stm32.7-2018-q2-update.win32_1.0.0.201904181610/tools/bin/../lib/gcc/arm-none-eabi/7.3.1/thumb/v7e-m/fpv4-sp/hard/crtn.o
                0x000000000800da70                . = ALIGN (0x4)
                0x000000000800da70                _etext = .

.vfp11_veneer   0x000000000800da70        0x0
 .vfp11_veneer  0x000000000800da70        0x0 linker stubs

.v4_bx          0x000000000800da70        0x0
 .v4_bx         0x000000000800da70        0x0 linker stubs

.iplt           0x000000000800da70        0x0
 .iplt          0x000000000800da70        0x0 c:/st/stm32cubeide_1.3.0/stm32cubeide/plugins/com.st.stm32cube.ide.mcu.externaltools.gnu-tools-for-stm32.7-2018-q2-update.win32_1.0.0.201904181610/tools/bin/../lib/gcc/arm-none-eabi/7.3.1/thumb/v7e-m/fpv4-sp/hard/crtbegin.o

.rodata         0x000000000800da70      0x138
                0x000000000800da70                . = ALIGN (0x4)
 *(.rodata)
 .rodata        0x000000000800da70       0x35 Middlewares/ST/STM32_USB_Device_Library/Core/Src/usbd_core.o
 *fill*         0x000000000800daa5        0x3 
 .rodata        0x000000000800daa8       0x46 USB_DEVICE/App/usbd_desc.o
 *(.rodata*)
 *fill*         0x000000000800daee        0x2 
 .rodata.AHBPrescTable
                0x000000000800daf0       0x10 Core/Src/system_stm32f4xx.o
                0x000000000800daf0                AHBPrescTable
 .rodata.APBPrescTable
                0x000000000800db00        0x8 Core/Src/system_stm32f4xx.o
                0x000000000800db00                APBPrescTable
 .rodata.flagBitshiftOffset.8847
                0x000000000800db08        0x8 Drivers/STM32F4xx_HAL_Driver/Src/stm32f4xx_hal_dma.o
 .rodata._global_impure_ptr
                0x000000000800db10        0x4 c:/st/stm32cubeide_1.3.0/stm32cubeide/plugins/com.st.stm32cube.ide.mcu.externaltools.gnu-tools-for-stm32.7-2018-q2-update.win32_1.0.0.201904181610/tools/bin/../lib/gcc/arm-none-eabi/7.3.1/../../../../arm-none-eabi/lib/thumb/v7e-m/fpv4-sp/hard\libc_nano.a(lib_a-impure.o)
                0x000000000800db10                _global_impure_ptr
 .rodata.__sf_fake_stderr
                0x000000000800db14       0x20 c:/st/stm32cubeide_1.3.0/stm32cubeide/plugins/com.st.stm32cube.ide.mcu.externaltools.gnu-tools-for-stm32.7-2018-q2-update.win32_1.0.0.201904181610/tools/bin/../lib/gcc/arm-none-eabi/7.3.1/../../../../arm-none-eabi/lib/thumb/v7e-m/fpv4-sp/hard\libc_nano.a(lib_a-findfp.o)
                0x000000000800db14                __sf_fake_stderr
 .rodata.__sf_fake_stdin
                0x000000000800db34       0x20 c:/st/stm32cubeide_1.3.0/stm32cubeide/plugins/com.st.stm32cube.ide.mcu.externaltools.gnu-tools-for-stm32.7-2018-q2-update.win32_1.0.0.201904181610/tools/bin/../lib/gcc/arm-none-eabi/7.3.1/../../../../arm-none-eabi/lib/thumb/v7e-m/fpv4-sp/hard\libc_nano.a(lib_a-findfp.o)
                0x000000000800db34                __sf_fake_stdin
 .rodata.__sf_fake_stdout
                0x000000000800db54       0x20 c:/st/stm32cubeide_1.3.0/stm32cubeide/plugins/com.st.stm32cube.ide.mcu.externaltools.gnu-tools-for-stm32.7-2018-q2-update.win32_1.0.0.201904181610/tools/bin/../lib/gcc/arm-none-eabi/7.3.1/../../../../arm-none-eabi/lib/thumb/v7e-m/fpv4-sp/hard\libc_nano.a(lib_a-findfp.o)
                0x000000000800db54                __sf_fake_stdout
 .rodata._vfprintf_r.str1.1
                0x000000000800db74       0x11 c:/st/stm32cubeide_1.3.0/stm32cubeide/plugins/com.st.stm32cube.ide.mcu.externaltools.gnu-tools-for-stm32.7-2018-q2-update.win32_1.0.0.201904181610/tools/bin/../lib/gcc/arm-none-eabi/7.3.1/../../../../arm-none-eabi/lib/thumb/v7e-m/fpv4-sp/hard\libc_nano.a(lib_a-nano-vfprintf.o)
 .rodata._printf_i.str1.1
                0x000000000800db85       0x22 c:/st/stm32cubeide_1.3.0/stm32cubeide/plugins/com.st.stm32cube.ide.mcu.externaltools.gnu-tools-for-stm32.7-2018-q2-update.win32_1.0.0.201904181610/tools/bin/../lib/gcc/arm-none-eabi/7.3.1/../../../../arm-none-eabi/lib/thumb/v7e-m/fpv4-sp/hard\libc_nano.a(lib_a-nano-vfprintf_i.o)
                0x000000000800dba8                . = ALIGN (0x4)
 *fill*         0x000000000800dba7        0x1 

.ARM.extab      0x000000000800dba8        0x0
                0x000000000800dba8                . = ALIGN (0x4)
 *(.ARM.extab* .gnu.linkonce.armextab.*)
                0x000000000800dba8                . = ALIGN (0x4)

.ARM            0x000000000800dba8        0x8
                0x000000000800dba8                . = ALIGN (0x4)
                0x000000000800dba8                __exidx_start = .
 *(.ARM.exidx*)
 .ARM.exidx     0x000000000800dba8        0x8 c:/st/stm32cubeide_1.3.0/stm32cubeide/plugins/com.st.stm32cube.ide.mcu.externaltools.gnu-tools-for-stm32.7-2018-q2-update.win32_1.0.0.201904181610/tools/bin/../lib/gcc/arm-none-eabi/7.3.1/thumb/v7e-m/fpv4-sp/hard\libgcc.a(_udivmoddi4.o)
                0x000000000800dbb0                __exidx_end = .
                0x000000000800dbb0                . = ALIGN (0x4)

.rel.dyn        0x000000000800dbb0        0x0
 .rel.iplt      0x000000000800dbb0        0x0 c:/st/stm32cubeide_1.3.0/stm32cubeide/plugins/com.st.stm32cube.ide.mcu.externaltools.gnu-tools-for-stm32.7-2018-q2-update.win32_1.0.0.201904181610/tools/bin/../lib/gcc/arm-none-eabi/7.3.1/thumb/v7e-m/fpv4-sp/hard/crtbegin.o

.preinit_array  0x000000000800dbb0        0x0
                0x000000000800dbb0                . = ALIGN (0x4)
                0x000000000800dbb0                PROVIDE (__preinit_array_start = .)
 *(.preinit_array*)
                0x000000000800dbb0                PROVIDE (__preinit_array_end = .)
                0x000000000800dbb0                . = ALIGN (0x4)

.init_array     0x000000000800dbb0        0x4
                0x000000000800dbb0                . = ALIGN (0x4)
                0x000000000800dbb0                PROVIDE (__init_array_start = .)
 *(SORT_BY_NAME(.init_array.*))
 *(.init_array*)
 .init_array    0x000000000800dbb0        0x4 c:/st/stm32cubeide_1.3.0/stm32cubeide/plugins/com.st.stm32cube.ide.mcu.externaltools.gnu-tools-for-stm32.7-2018-q2-update.win32_1.0.0.201904181610/tools/bin/../lib/gcc/arm-none-eabi/7.3.1/thumb/v7e-m/fpv4-sp/hard/crtbegin.o
                0x000000000800dbb4                PROVIDE (__init_array_end = .)
                0x000000000800dbb4                . = ALIGN (0x4)

.fini_array     0x000000000800dbb4        0x4
                0x000000000800dbb4                . = ALIGN (0x4)
                [!provide]                        PROVIDE (__fini_array_start = .)
 *(SORT_BY_NAME(.fini_array.*))
 *(.fini_array*)
 .fini_array    0x000000000800dbb4        0x4 c:/st/stm32cubeide_1.3.0/stm32cubeide/plugins/com.st.stm32cube.ide.mcu.externaltools.gnu-tools-for-stm32.7-2018-q2-update.win32_1.0.0.201904181610/tools/bin/../lib/gcc/arm-none-eabi/7.3.1/thumb/v7e-m/fpv4-sp/hard/crtbegin.o
                [!provide]                        PROVIDE (__fini_array_end = .)
                0x000000000800dbb8                . = ALIGN (0x4)
                0x000000000800dbb8                _sidata = LOADADDR (.data)

.data           0x0000000020000000      0x200 load address 0x000000000800dbb8
                0x0000000020000000                . = ALIGN (0x4)
                0x0000000020000000                _sdata = .
 *(.data)
 *(.data*)
 .data.app_version
                0x0000000020000000        0x4 Core/Src/main.o
                0x0000000020000000                app_version
 .data.huge_updated
                0x0000000020000004        0x1 Core/Src/main.o
                0x0000000020000004                huge_updated
 *fill*         0x0000000020000005        0x3 
 .data.huge_colors
                0x0000000020000008        0x8 Core/Src/main.o
                0x0000000020000008                huge_colors
 .data.i2cIN    0x0000000020000010        0x4 Core/Src/main.o
                0x0000000020000010                i2cIN
 .data.SystemCoreClock
                0x0000000020000014        0x4 Core/Src/system_stm32f4xx.o
                0x0000000020000014                SystemCoreClock
 .data.uwTickPrio
                0x0000000020000018        0x4 Drivers/STM32F4xx_HAL_Driver/Src/stm32f4xx_hal.o
                0x0000000020000018                uwTickPrio
 .data.uwTickFreq
                0x000000002000001c        0x1 Drivers/STM32F4xx_HAL_Driver/Src/stm32f4xx_hal.o
                0x000000002000001c                uwTickFreq
 *fill*         0x000000002000001d        0x3 
 .data.USBD_CDC_DeviceQualifierDesc
                0x0000000020000020        0xa Middlewares/ST/STM32_USB_Device_Library/Class/CDC/Src/usbd_cdc.o