ads.c:30:6:ADS_Init	16	static
ads.c:118:6:ADS_Write_Reg	24	static
ads.c:143:9:ADS_Read_Reg	32	static
ads.c:168:6:ADS_Wakeup	16	static
ads.c:178:6:ADS_Standby	16	static
ads.c:188:6:ADS_Reset	24	static
ads.c:203:6:ADS_Start	8	static
ads.c:209:6:ADS_Stop	8	static
ads.c:217:6:ADS_Read_data_cont	24	static
ads.c:233:6:ADS_Stop_data_cont	24	static
ads.c:250:6:ADS_Read_data_Single	24	static
ads.c:274:6:ADS_BIAS_SIGNAL_DERIVATION	16	static
ads.c:293:6:ADS_SRB1_Conection	16	static
ads.c:325:6:ADS_Internal_Ref_Active	16	static
ads.c:331:6:ADS_LEOF	16	static
ads.c:386:7:analog_setting	24	static
ads.c:616:6:ADS_Start_data_full	8	static
ads.c:632:6:ADS_Stop_data_Full	8	static
ads.c:656:6:ADS_Start_data_one	8	static
