main.c:102:5:main	16	static
main.c:209:6:SystemClock_Config	88	static
main.c:249:6:CDC_ReceiveCallBack	24	static
main.c:259:6:SystemResponseUSB	32	static
main.c:368:6:Write_Flash	24	static
main.c:377:10:Read_Flash	24	static
main.c:384:6:Variable_Defults	16	static
main.c:405:6:light_pattern	16	static
main.c:453:6:HAL_I2C_MasterTxCpltCallback	16	static
main.c:459:6:HAL_I2C_MasterRxCpltCallback	16	static,ignoring_inline_asm
main.c:477:6:HAL_I2C_SlaveRxCpltCallback	16	static,ignoring_inline_asm
main.c:490:6:Error_Handler	8	static
