stm32f4xx_it.c:96:6:NMI_Handler	4	static
stm32f4xx_it.c:109:6:HardFault_Handler	4	static
stm32f4xx_it.c:124:6:MemManage_Handler	4	static
stm32f4xx_it.c:139:6:BusFault_Handler	4	static
stm32f4xx_it.c:154:6:UsageFault_Handler	4	static
stm32f4xx_it.c:169:6:SVC_Handler	4	static
stm32f4xx_it.c:182:6:DebugMon_Handler	4	static
stm32f4xx_it.c:195:6:PendSV_Handler	4	static
stm32f4xx_it.c:208:6:SysTick_Handler	8	static
stm32f4xx_it.c:229:6:EXTI1_IRQHandler	24	static
stm32f4xx_it.c:301:6:TIM3_IRQHandler	8	static
stm32f4xx_it.c:316:6:SPI1_IRQHandler	8	static
stm32f4xx_it.c:330:6:DMA2_Stream0_IRQHandler	8	static
stm32f4xx_it.c:344:6:OTG_FS_IRQHandler	8	static
stm32f4xx_it.c:358:6:I2C3_EV_IRQHandler	8	static
stm32f4xx_it.c:372:6:I2C3_ER_IRQHandler	8	static
